------- FILE Pong2600.asm LEVEL 1 PASS 2
      1  f7fe					      processor	6502
------- FILE vcs.h LEVEL 2 PASS 2
      0  f800 ????				      include	"vcs.h"
      1  f800 ????						; VCS.H
      2  f800 ????						; Version 1.05, 13/November/2003
      3  f800 ????
      4  f800 ????	       00 69	   VERSION_VCS =	105
      5  f800 ????
      6  f800 ????						; THIS IS A PRELIMINARY RELEASE OF *THE* "STANDARD" VCS.H
      7  f800 ????						; THIS FILE IS EXPLICITLY SUPPORTED AS A DASM-PREFERRED COMPANION FILE
      8  f800 ????						; PLEASE DO *NOT* REDISTRIBUTE THIS FILE!
      9  f800 ????						;
     10  f800 ????						; This file defines hardware registers and memory mapping for the
     11  f800 ????						; Atari 2600. It is distributed as a companion machine-specific support package
     12  f800 ????						; for the DASM compiler. Updates to this file, DASM, and associated tools are
     13  f800 ????						; available at at http://www.atari2600.org/dasm
     14  f800 ????						;
     15  f800 ????						; Many thanks to the original author(s) of this file, and to everyone who has
     16  f800 ????						; contributed to understanding the Atari 2600.  If you take issue with the
     17  f800 ????						; contents, or naming of registers, please write to me (atari2600@taswegian.com)
     18  f800 ????						; with your views.  Please contribute, if you think you can improve this
     19  f800 ????						; file!
     20  f800 ????						;
     21  f800 ????						; Latest Revisions...
     22  f800 ????						; 1.05  13/NOV/2003	  - Correction to 1.04 - now functions as requested by MR.
     23  f800 ????						;			  - Added VERSION_VCS equate (which will reflect 100x version #)
     24  f800 ????						;			    This will allow conditional code to verify VCS.H being
     25  f800 ????						;			    used for code assembly.
     26  f800 ????						; 1.04  12/NOV/2003	 Added TIA_BASE_WRITE_ADDRESS and TIA_BASE_READ_ADDRESS for
     27  f800 ????						;			 convenient disassembly/reassembly compatibility for hardware
     28  f800 ????						;			 mirrored reading/writing differences.	This is more a 
     29  f800 ????						;			 readability issue, and binary compatibility with disassembled
     30  f800 ????						;			 and reassembled sources.  Per Manuel Rotschkar's suggestion.
     31  f800 ????						; 1.03  12/MAY/2003	 Added SEG segment at end of file to fix old-code compatibility
     32  f800 ????						;			 which was broken by the use of segments in this file, as
     33  f800 ????						;			 reported by Manuel Polik on [stella] 11/MAY/2003
     34  f800 ????						; 1.02  22/MAR/2003	 Added TIMINT($285)
     35  f800 ????						; 1.01				Constant offset added to allow use for 3F-style bankswitching
     36  f800 ????						;						 - define TIA_BASE_ADDRESS as $40 for Tigervision carts, otherwise
     37  f800 ????						;						   it is safe to leave it undefined, and the base address will
     38  f800 ????						;						   be set to 0.  Thanks to Eckhard Stolberg for the suggestion.
     39  f800 ????						;			    Note, may use -DLABEL=EXPRESSION to define TIA_BASE_ADDRESS
     40  f800 ????						;			  - register definitions are now generated through assignment
     41  f800 ????						;			    in uninitialised segments.	This allows a changeable base
     42  f800 ????						;			    address architecture.
     43  f800 ????						; 1.0	22/MAR/2003		Initial release
     44  f800 ????
     45  f800 ????
     46  f800 ????						;-------------------------------------------------------------------------------
     47  f800 ????
     48  f800 ????						; TIA_BASE_ADDRESS
     49  f800 ????						; The TIA_BASE_ADDRESS defines the base address of access to TIA registers.
     50  f800 ????						; Normally 0, the base address should (externally, before including this file)
     51  f800 ????						; be set to $40 when creating 3F-bankswitched (and other?) cartridges.
     52  f800 ????						; The reason is that this bankswitching scheme treats any access to locations
     53  f800 ????						; < $40 as a bankswitch.
     54  f800 ????
     55  f800 ????			  -	      IFNCONST	TIA_BASE_ADDRESS
     56  f800 ????			  -TIA_BASE_ADDRESS =	0
     57  f800 ????				      ENDIF
     58  f800 ????
     59  f800 ????						; Note: The address may be defined on the command-line using the -D switch, eg:
     60  f800 ????						; dasm.exe code.asm -DTIA_BASE_ADDRESS=$40 -f3 -v5 -ocode.bin
     61  f800 ????						; *OR* by declaring the label before including this file, eg:
     62  f800 ????						; TIA_BASE_ADDRESS = $40
     63  f800 ????						;   include "vcs.h"
     64  f800 ????
     65  f800 ????						; Alternate read/write address capability - allows for some disassembly compatibility
     66  f800 ????						; usage ; to allow reassembly to binary perfect copies).  This is essentially catering
     67  f800 ????						; for the mirrored ROM hardware registers.
     68  f800 ????
     69  f800 ????						; Usage: As per above, define the TIA_BASE_READ_ADDRESS and/or TIA_BASE_WRITE_ADDRESS
     70  f800 ????						; using the -D command-line switch, as required.  If the addresses are not defined, 
     71  f800 ????						; they defaut to the TIA_BASE_ADDRESS.
     72  f800 ????
     73  f800 ????			  -	      IFNCONST	TIA_BASE_READ_ADDRESS
     74  f800 ????			  -TIA_BASE_READ_ADDRESS =	TIA_BASE_ADDRESS
     75  f800 ????				      ENDIF
     76  f800 ????
     77  f800 ????			  -	      IFNCONST	TIA_BASE_WRITE_ADDRESS
     78  f800 ????			  -TIA_BASE_WRITE_ADDRESS =	TIA_BASE_ADDRESS
     79  f800 ????				      ENDIF
     80  f800 ????
     81  f800 ????						;-------------------------------------------------------------------------------
     82  f800 ????
     83 U002d ????				      SEG.U	TIA_REGISTERS_WRITE
     84 U0000					      ORG	TIA_BASE_WRITE_ADDRESS
     85 U0000
     86 U0000							; DO NOT CHANGE THE RELATIVE ORDERING OF REGISTERS!
     87 U0000
     88 U0000		       00	   VSYNC      ds	1	; $00	 0000 00x0   Vertical Sync Set-Clear
     89 U0001		       00	   VBLANK     ds	1	; $01	 xx00 00x0   Vertical Blank Set-Clear
     90 U0002		       00	   WSYNC      ds	1	; $02	 ---- ----   Wait for Horizontal Blank
     91 U0003		       00	   RSYNC      ds	1	; $03	 ---- ----   Reset Horizontal Sync Counter
     92 U0004		       00	   NUSIZ0     ds	1	; $04	 00xx 0xxx   Number-Size player/missle 0
     93 U0005		       00	   NUSIZ1     ds	1	; $05	 00xx 0xxx   Number-Size player/missle 1
     94 U0006		       00	   COLUP0     ds	1	; $06	 xxxx xxx0   Color-Luminance Player 0
     95 U0007		       00	   COLUP1     ds	1	; $07	 xxxx xxx0   Color-Luminance Player 1
     96 U0008		       00	   COLUPF     ds	1	; $08	 xxxx xxx0   Color-Luminance Playfield
     97 U0009		       00	   COLUBK     ds	1	; $09	 xxxx xxx0   Color-Luminance Background
     98 U000a		       00	   CTRLPF     ds	1	; $0A	 00xx 0xxx   Control Playfield, Ball, Collisions
     99 U000b		       00	   REFP0      ds	1	; $0B	 0000 x000   Reflection Player 0
    100 U000c		       00	   REFP1      ds	1	; $0C	 0000 x000   Reflection Player 1
    101 U000d		       00	   PF0	      ds	1	; $0D	 xxxx 0000   Playfield Register Byte 0
    102 U000e		       00	   PF1	      ds	1	; $0E	 xxxx xxxx   Playfield Register Byte 1
    103 U000f		       00	   PF2	      ds	1	; $0F	 xxxx xxxx   Playfield Register Byte 2
    104 U0010		       00	   RESP0      ds	1	; $10	 ---- ----   Reset Player 0
    105 U0011		       00	   RESP1      ds	1	; $11	 ---- ----   Reset Player 1
    106 U0012		       00	   RESM0      ds	1	; $12	 ---- ----   Reset Missle 0
    107 U0013		       00	   RESM1      ds	1	; $13	 ---- ----   Reset Missle 1
    108 U0014		       00	   RESBL      ds	1	; $14	 ---- ----   Reset Ball
    109 U0015		       00	   AUDC0      ds	1	; $15	 0000 xxxx   Audio Control 0
    110 U0016		       00	   AUDC1      ds	1	; $16	 0000 xxxx   Audio Control 1
    111 U0017		       00	   AUDF0      ds	1	; $17	 000x xxxx   Audio Frequency 0
    112 U0018		       00	   AUDF1      ds	1	; $18	 000x xxxx   Audio Frequency 1
    113 U0019		       00	   AUDV0      ds	1	; $19	 0000 xxxx   Audio Volume 0
    114 U001a		       00	   AUDV1      ds	1	; $1A	 0000 xxxx   Audio Volume 1
    115 U001b		       00	   GRP0       ds	1	; $1B	 xxxx xxxx   Graphics Register Player 0
    116 U001c		       00	   GRP1       ds	1	; $1C	 xxxx xxxx   Graphics Register Player 1
    117 U001d		       00	   ENAM0      ds	1	; $1D	 0000 00x0   Graphics Enable Missle 0
    118 U001e		       00	   ENAM1      ds	1	; $1E	 0000 00x0   Graphics Enable Missle 1
    119 U001f		       00	   ENABL      ds	1	; $1F	 0000 00x0   Graphics Enable Ball
    120 U0020		       00	   HMP0       ds	1	; $20	 xxxx 0000   Horizontal Motion Player 0
    121 U0021		       00	   HMP1       ds	1	; $21	 xxxx 0000   Horizontal Motion Player 1
    122 U0022		       00	   HMM0       ds	1	; $22	 xxxx 0000   Horizontal Motion Missle 0
    123 U0023		       00	   HMM1       ds	1	; $23	 xxxx 0000   Horizontal Motion Missle 1
    124 U0024		       00	   HMBL       ds	1	; $24	 xxxx 0000   Horizontal Motion Ball
    125 U0025		       00	   VDELP0     ds	1	; $25	 0000 000x   Vertical Delay Player 0
    126 U0026		       00	   VDELP1     ds	1	; $26	 0000 000x   Vertical Delay Player 1
    127 U0027		       00	   VDELBL     ds	1	; $27	 0000 000x   Vertical Delay Ball
    128 U0028		       00	   RESMP0     ds	1	; $28	 0000 00x0   Reset Missle 0 to Player 0
    129 U0029		       00	   RESMP1     ds	1	; $29	 0000 00x0   Reset Missle 1 to Player 1
    130 U002a		       00	   HMOVE      ds	1	; $2A	 ---- ----   Apply Horizontal Motion
    131 U002b		       00	   HMCLR      ds	1	; $2B	 ---- ----   Clear Horizontal Move Registers
    132 U002c		       00	   CXCLR      ds	1	; $2C	 ---- ----   Clear Collision Latches
    133 U002d
    134 U002d							;-------------------------------------------------------------------------------
    135 U002d
    136 U000e ????				      SEG.U	TIA_REGISTERS_READ
    137 U0000					      ORG	TIA_BASE_READ_ADDRESS
    138 U0000
    139 U0000							;											bit 7	 bit 6
    140 U0000		       00	   CXM0P      ds	1	; $00	     xx00 0000	     Read Collision  M0-P1   M0-P0
    141 U0001		       00	   CXM1P      ds	1	; $01	     xx00 0000			     M1-P0   M1-P1
    142 U0002		       00	   CXP0FB     ds	1	; $02	     xx00 0000			     P0-PF   P0-BL
    143 U0003		       00	   CXP1FB     ds	1	; $03	     xx00 0000			     P1-PF   P1-BL
    144 U0004		       00	   CXM0FB     ds	1	; $04	     xx00 0000			     M0-PF   M0-BL
    145 U0005		       00	   CXM1FB     ds	1	; $05	     xx00 0000			     M1-PF   M1-BL
    146 U0006		       00	   CXBLPF     ds	1	; $06	     x000 0000			     BL-PF   -----
    147 U0007		       00	   CXPPMM     ds	1	; $07	     xx00 0000			     P0-P1   M0-M1
    148 U0008		       00	   INPT0      ds	1	; $08	     x000 0000	     Read Pot Port 0
    149 U0009		       00	   INPT1      ds	1	; $09	     x000 0000	     Read Pot Port 1
    150 U000a		       00	   INPT2      ds	1	; $0A	     x000 0000	     Read Pot Port 2
    151 U000b		       00	   INPT3      ds	1	; $0B	     x000 0000	     Read Pot Port 3
    152 U000c		       00	   INPT4      ds	1	; $0C		x000 0000	 Read Input (Trigger) 0
    153 U000d		       00	   INPT5      ds	1	; $0D		x000 0000	 Read Input (Trigger) 1
    154 U000e
    155 U000e							;-------------------------------------------------------------------------------
    156 U000e
    157 U0298 ????				      SEG.U	RIOT
    158 U0280					      ORG	$280
    159 U0280
    160 U0280							; RIOT MEMORY MAP
    161 U0280
    162 U0280		       00	   SWCHA      ds	1	; $280      Port A data register for joysticks:
    163 U0281							;			Bits 4-7 for player 1.  Bits 0-3 for player 2.
    164 U0281
    165 U0281		       00	   SWACNT     ds	1	; $281      Port A data direction register (DDR)
    166 U0282		       00	   SWCHB      ds	1	; $282		Port B data (console switches)
    167 U0283		       00	   SWBCNT     ds	1	; $283      Port B DDR
    168 U0284		       00	   INTIM      ds	1	; $284		Timer output
    169 U0285
    170 U0285		       00	   TIMINT     ds	1	; $285
    171 U0286
    172 U0286							; Unused/undefined registers ($285-$294)
    173 U0286
    174 U0286		       00		      ds	1	; $286
    175 U0287		       00		      ds	1	; $287
    176 U0288		       00		      ds	1	; $288
    177 U0289		       00		      ds	1	; $289
    178 U028a		       00		      ds	1	; $28A
    179 U028b		       00		      ds	1	; $28B
    180 U028c		       00		      ds	1	; $28C
    181 U028d		       00		      ds	1	; $28D
    182 U028e		       00		      ds	1	; $28E
    183 U028f		       00		      ds	1	; $28F
    184 U0290		       00		      ds	1	; $290
    185 U0291		       00		      ds	1	; $291
    186 U0292		       00		      ds	1	; $292
    187 U0293		       00		      ds	1	; $293
    188 U0294
    189 U0294		       00	   TIM1T      ds	1	; $294		set 1 clock interval
    190 U0295		       00	   TIM8T      ds	1	; $295      set 8 clock interval
    191 U0296		       00	   TIM64T     ds	1	; $296      set 64 clock interval
    192 U0297		       00	   T1024T     ds	1	; $297      set 1024 clock interval
    193 U0298
    194 U0298							;-------------------------------------------------------------------------------
    195 U0298							; The following required for back-compatibility with code which does not use
    196 U0298							; segments.
    197 U0298
    198  0000 ????				      SEG
    199  0000 ????
    200  0000 ????						; EOF
------- FILE Pong2600.asm
------- FILE macro.h LEVEL 2 PASS 2
      0  0000 ????				      include	"macro.h"
      1  0000 ????						; MACRO.H
      2  0000 ????						; Version 1.06, 3/SEPTEMBER/2004
      3  0000 ????
      4  0000 ????	       00 6a	   VERSION_MACRO =	106
      5  0000 ????
      6  0000 ????						;
      7  0000 ????						; THIS FILE IS EXPLICITLY SUPPORTED AS A DASM-PREFERRED COMPANION FILE
      8  0000 ????						; PLEASE DO *NOT* REDISTRIBUTE MODIFIED VERSIONS OF THIS FILE!
      9  0000 ????						;
     10  0000 ????						; This file defines DASM macros useful for development for the Atari 2600.
     11  0000 ????						; It is distributed as a companion machine-specific support package
     12  0000 ????						; for the DASM compiler. Updates to this file, DASM, and associated tools are
     13  0000 ????						; available at at http://www.atari2600.org/dasm
     14  0000 ????						;
     15  0000 ????						; Many thanks to the people who have contributed.  If you take issue with the
     16  0000 ????						; contents, or would like to add something, please write to me
     17  0000 ????						; (atari2600@taswegian.com) with your contribution.
     18  0000 ????						;
     19  0000 ????						; Latest Revisions...
     20  0000 ????						;
     21  0000 ????						; 1.06  03/SEP/2004	 - nice revision of VERTICAL_BLANK (Edwin Blink)
     22  0000 ????						; 1.05  14/NOV/2003	 - Added VERSION_MACRO equate (which will reflect 100x version #)
     23  0000 ????						;			   This will allow conditional code to verify MACRO.H being
     24  0000 ????						;			   used for code assembly.
     25  0000 ????						; 1.04  13/NOV/2003	 - SET_POINTER macro added (16-bit address load)
     26  0000 ????						;
     27  0000 ????						; 1.03  23/JUN/2003	 - CLEAN_START macro added - clears TIA, RAM, registers
     28  0000 ????						;
     29  0000 ????						; 1.02  14/JUN/2003	 - VERTICAL_SYNC macro added
     30  0000 ????						;			   (standardised macro for vertical synch code)
     31  0000 ????						; 1.01  22/MAR/2003	 - SLEEP macro added. 
     32  0000 ????						;			 - NO_ILLEGAL_OPCODES switch implemented
     33  0000 ????						; 1.0	22/MAR/2003		Initial release
     34  0000 ????
     35  0000 ????						; Note: These macros use illegal opcodes.  To disable illegal opcode usage, 
     36  0000 ????						;   define the symbol NO_ILLEGAL_OPCODES (-DNO_ILLEGAL_OPCODES=1 on command-line).
     37  0000 ????						;   If you do not allow illegal opcode usage, you must include this file 
     38  0000 ????						;   *after* including VCS.H (as the non-illegal opcodes access hardware
     39  0000 ????						;   registers and require them to be defined first).
     40  0000 ????
     41  0000 ????						; Available macros...
     42  0000 ????						;   SLEEP n		 - sleep for n cycles
     43  0000 ????						;   VERTICAL_SYNC	 - correct 3 scanline vertical synch code
     44  0000 ????						;   CLEAN_START	 - set machine to known state on startup
     45  0000 ????						;   SET_POINTER	 - load a 16-bit absolute to a 16-bit variable
     46  0000 ????
     47  0000 ????						;-------------------------------------------------------------------------------
     48  0000 ????						; SLEEP duration
     49  0000 ????						; Original author: Thomas Jentzsch
     50  0000 ????						; Inserts code which takes the specified number of cycles to execute.	This is
     51  0000 ????						; useful for code where precise timing is required.
     52  0000 ????						; ILLEGAL-OPCODE VERSION DOES NOT AFFECT FLAGS OR REGISTERS.
     53  0000 ????						; LEGAL OPCODE VERSION MAY AFFECT FLAGS
     54  0000 ????						; Uses illegal opcode (DASM 2.20.01 onwards).
     55  0000 ????
     56  0000 ????				      MAC	sleep
     57  0000 ????			   .CYCLES    SET	{1}
     58  0000 ????
     59  0000 ????				      IF	.CYCLES < 2
     60  0000 ????				      ECHO	"MACRO ERROR: 'SLEEP': Duration must be > 1"
     61  0000 ????				      ERR
     62  0000 ????				      ENDIF
     63  0000 ????
     64  0000 ????				      IF	.CYCLES & 1
     65  0000 ????				      IFNCONST	NO_ILLEGAL_OPCODES
     66  0000 ????				      nop	0
     67  0000 ????				      ELSE
     68  0000 ????				      bit	VSYNC
     69  0000 ????				      ENDIF
     70  0000 ????			   .CYCLES    SET	.CYCLES - 3
     71  0000 ????				      ENDIF
     72  0000 ????
     73  0000 ????				      REPEAT	.CYCLES / 2
     74  0000 ????				      nop
     75  0000 ????				      REPEND
     76  0000 ????				      ENDM		;usage: SLEEP n (n>1)
     77  0000 ????
     78  0000 ????						;-------------------------------------------------------------------------------
     79  0000 ????						; VERTICAL_SYNC
     80  0000 ????						; revised version by Edwin Blink -- saves bytes!
     81  0000 ????						; Inserts the code required for a proper 3 scanline vertical sync sequence
     82  0000 ????						; Note: Alters the accumulator
     83  0000 ????
     84  0000 ????						; OUT: A = 0
     85  0000 ????
     86  0000 ????				      MAC	vertical_sync
     87  0000 ????				      lda	#%1110	; each '1' bits generate a VSYNC ON line (bits 1..3)
     88  0000 ????			   .VSLP1     sta	WSYNC	; 1st '0' bit resets Vsync, 2nd '0' bit exit loop
     89  0000 ????				      sta	VSYNC
     90  0000 ????				      lsr
     91  0000 ????				      bne	.VSLP1	; branch until VYSNC has been reset
     92  0000 ????				      ENDM
     93  0000 ????
     94  0000 ????						;-------------------------------------------------------------------------------
     95  0000 ????						; CLEAN_START
     96  0000 ????						; Original author: Andrew Davie
     97  0000 ????						; Standardised start-up code, clears stack, all TIA registers and RAM to 0
     98  0000 ????						; Sets stack pointer to $FF, and all registers to 0
     99  0000 ????						; Sets decimal mode off, sets interrupt flag (kind of un-necessary)
    100  0000 ????						; Use as very first section of code on boot (ie: at reset)
    101  0000 ????						; Code written to minimise total ROM usage - uses weird 6502 knowledge :)
    102  0000 ????
    103  0000 ????				      MAC	clean_start
    104  0000 ????				      sei
    105  0000 ????				      cld
    106  0000 ????
    107  0000 ????				      ldx	#0
    108  0000 ????				      txa
    109  0000 ????				      tay
    110  0000 ????			   .CLEAR_STACK dex
    111  0000 ????				      txs
    112  0000 ????				      pha
    113  0000 ????				      bne	.CLEAR_STACK	; SP=$FF, X = A = Y = 0
    114  0000 ????
    115  0000 ????				      ENDM
    116  0000 ????
    117  0000 ????						;-------------------------------------------------------
    118  0000 ????						; SET_POINTER
    119  0000 ????						; Original author: Manuel Rotschkar
    120  0000 ????						;
    121  0000 ????						; Sets a 2 byte RAM pointer to an absolute address.
    122  0000 ????						;
    123  0000 ????						; Usage: SET_POINTER pointer, address
    124  0000 ????						; Example: SET_POINTER SpritePTR, SpriteData
    125  0000 ????						;
    126  0000 ????						; Note: Alters the accumulator, NZ flags
    127  0000 ????						; IN 1: 2 byte RAM location reserved for pointer
    128  0000 ????						; IN 2: absolute address
    129  0000 ????
    130  0000 ????				      MAC	set_pointer
    131  0000 ????			   .POINTER   SET	{1}
    132  0000 ????			   .ADDRESS   SET	{2}
    133  0000 ????
    134  0000 ????				      LDA	#<.ADDRESS	; Get Lowbyte of Address
    135  0000 ????				      STA	.POINTER	; Store in pointer
    136  0000 ????				      LDA	#>.ADDRESS	; Get Hibyte of Address
    137  0000 ????				      STA	.POINTER+1	; Store in pointer+1
    138  0000 ????
    139  0000 ????				      ENDM
    140  0000 ????
    141  0000 ????						;-------------------------------------------------------
    142  0000 ????						; BOUNDARY byte#
    143  0000 ????						; Original author: Denis Debro (borrowed from Bob Smith / Thomas)
    144  0000 ????						;
    145  0000 ????						; Push data to a certain position inside a page and keep count of how
    146  0000 ????						; many free bytes the programmer will have.
    147  0000 ????						;
    148  0000 ????						; eg: BOUNDARY 5    ; position at byte #5 in page
    149  0000 ????
    150  0000 ????			   .FREE_BYTES SET	0
    151  0000 ????				      MAC	boundary
    152  0000 ????				      REPEAT	256
    153  0000 ????				      IF	<. % {1} = 0
    154  0000 ????				      MEXIT
    155  0000 ????				      ELSE
    156  0000 ????			   .FREE_BYTES SET	.FREE_BYTES + 1
    157  0000 ????				      .byte	$00
    158  0000 ????				      ENDIF
    159  0000 ????				      REPEND
    160  0000 ????				      ENDM
    161  0000 ????
    162  0000 ????						;-------------------------------------------------------
    163  0000 ????						; SKIP_SCANLINES #lines
    164  0000 ????						;
    165  0000 ????						; Skip a given # of scanlines.
    166  0000 ????						; Sets the X register to zero.
    167  0000 ????
    168  0000 ????				      MAC	skip_scanlines
    169  0000 ????			   .LINES     SET	{1}
    170  0000 ????				      ldx	#.LINES
    171  0000 ????			   .vblank    sta	WSYNC
    172  0000 ????				      dex
    173  0000 ????				      bne	.vblank
    174  0000 ????				      ENDM
    175  0000 ????
    176  0000 ????						; EOF
------- FILE Pong2600.asm
------- FILE xmacro.h LEVEL 2 PASS 2
      0  0000 ????				      include	"xmacro.h"
      1  0000 ????
      2  0000 ????						;-------------------------------------------------------
      3  0000 ????						; Usage: TIMER_SETUP lines
      4  0000 ????						; where lines is the number of scanlines to skip (> 2).
      5  0000 ????						; The timer will be set so that it expires before this number
      6  0000 ????						; of scanlines. A WSYNC will be done first.
      7  0000 ????
      8  0000 ????				      MAC	timer_setup
      9  0000 ????			   .lines     SET	{1}
     10  0000 ????			   .cycles    SET	((.lines * 76) - 13)
     11  0000 ????						; special case for when we have two timer events in a line
     12  0000 ????						; and our 2nd event straddles the WSYNC boundary
     13  0000 ????				      if	(.cycles % 64) < 12
     14  0000 ????				      lda	#(.cycles / 64) - 1
     15  0000 ????				      sta	WSYNC
     16  0000 ????				      else
     17  0000 ????				      lda	#(.cycles / 64)
     18  0000 ????				      sta	WSYNC
     19  0000 ????				      endif
     20  0000 ????				      sta	TIM64T
     21  0000 ????				      ENDM
     22  0000 ????
     23  0000 ????						;-------------------------------------------------------
     24  0000 ????						; Use with TIMER_SETUP to wait for timer to complete.
     25  0000 ????						; Performs a WSYNC afterwards.
     26  0000 ????
     27  0000 ????				      MAC	timer_wait
     28  0000 ????			   .waittimer
     29  0000 ????				      lda	INTIM
     30  0000 ????				      bne	.waittimer
     31  0000 ????				      sta	WSYNC
     32  0000 ????				      ENDM
------- FILE Pong2600.asm
      5  0000 ????
      6  0000 ????	       00 21	   SpriteHeight equ	33
      7  0000 ????	       00 48	   ColorP0    equ	$48
      8  0000 ????	       00 a8	   ColorP1    equ	$a8
      9  0000 ????	       00 20	   ScoreToWin equ	$20
     10  0000 ????
     11  0000 ????						;;;;;;;;;;;;;;;;;;;;;;;;;;;;;;;;;;;;;;;;;;;;;;;;;;;;;;;;;;;;;;;
     12  0000 ????						; Variables segment
     13  0000 ????
     14 U009e ????				      seg.u	Variables
     15 U0080					      org	$80
     16 U0080
     17 U0080		       00	   Temp       .byte.b
     18 U0081
     19 U0081							; Game mode variable
     20 U0081		       00	   GameMode   .byte.b		; 0 = normal, 1 = fast ball, 2 = big paddles, 3 = invisible ball
     21 U0082		       00	   GameSelectDebounce .byte.b		; debounce for game select switch
     22 U0083		       00	   InvisibleCounter .byte.b		; counter for invisible ball mode
     23 U0084
     24 U0084							; Horizontal position players 2 bytes
     25 U0084		       00	   HorizPosPlayer0 .byte.b
     26 U0085		       00	   HorizPosPlayer1 .byte.b
     27 U0086
     28 U0086							; Vertical position players 2 bytes
     29 U0086		       00	   PosPlayer0 .byte.b
     30 U0087		       00	   PosPlayer1 .byte.b
     31 U0088
     32 U0088							; For scoreboard 17 bytes
     33 U0088		       00	   Score0     .byte.b		; BCD score of player 0
     34 U0089		       00	   Score1     .byte.b		; BCD score of player 1
     35 U008a		       00 00 00 00*FontBuf    .ds	10	; 2x5 array of playfield bytes
     36 U0094		       00	   ColorScoreP0 .byte.b
     37 U0095		       00	   ColorScoreP1 .byte.b
     38 U0096		       00	   CountScoreFrame .byte.b
     39 U0097		       00	   ScoredPlayer0 .byte.b		; 0 scored player 0, 1 scored player 1
     40 U0098		       00	   PlayerWin  .byte.b
     41 U0099
     42 U0099							; Ball coordinates and direction 5 bytes
     43 U0099		       00	   BallPosX   .byte.b
     44 U009a		       00	   BallPosY   .byte.b
     45 U009b		       00	   BallDirection .byte.b		; Byte 7 y dir - bit 6 for x dir
     46 U009c		       00	   BallDirCounter .byte.b
     47 U009d		       00	   BallEnable .byte.b
     48 U009e
     49 U009e
     50 U009e							;;;;;;;;;;;;;;;;;;;;;;;;;;;;;;;;;;;;;;;;;;;;;;;;;;;;;;;;;;;;;;;
     51 U009e							; Code segment
     52 U009e
     53  f800 ????				      seg	Code
     54  f000					      org	$f000
     55  f000
     56  f000
     57  f000							;;;;;;;;;;;;;;;;;;;;;;;;;;;;;;;;;;;;;;;;;;;;;;;;;;;;;;;;;;;;;;;
     58  f000							; Start and Initialization
     59  f000							;;;;;;;;;;;;;;;;;;;;;;;;;;;;;;;;;;;;;;;;;;;;;;;;;;;;;;;;;;;;;;;
     60  f000				   Start
      0  f000					      CLEAN_START
      1  f000		       78		      sei
      2  f001		       d8		      cld
      3  f002
      4  f002		       a2 00		      ldx	#0
      5  f004		       8a		      txa
      6  f005		       a8		      tay
      7  f006		       ca	   .CLEAR_STACK dex
      8  f007		       9a		      txs
      9  f008		       48		      pha
     10  f009		       d0 fb		      bne	.CLEAR_STACK
     11  f00b
     62  f00b
     63  f00b							; Configure joystick ports as inputs (CRITICAL!)
     64  f00b		       a9 00		      lda	#0
     65  f00d		       8d 81 02 	      sta	SWACNT	; Set all joystick pins as inputs
     66  f010
     67  f010		       a9 50		      lda	#80
     68  f012		       85 86		      sta	PosPlayer0
     69  f014		       a9 25		      lda	#37
     70  f016		       85 87		      sta	PosPlayer1
     71  f018
     72  f018							; Initialize horizontal positions
     73  f018		       a9 0a		      lda	#10
     74  f01a		       85 84		      sta	HorizPosPlayer0
     75  f01c		       a9 94		      lda	#148
     76  f01e		       85 85		      sta	HorizPosPlayer1
     77  f020
     78  f020		       a9 00		      lda	#0
     79  f022		       85 9b		      sta	BallDirection
     80  f024		       85 9c		      sta	BallDirCounter
     81  f026		       85 97		      sta	ScoredPlayer0
     82  f028		       85 98		      sta	PlayerWin
     83  f02a		       85 81		      sta	GameMode
     84  f02c		       85 82		      sta	GameSelectDebounce
     85  f02e		       85 83		      sta	InvisibleCounter
     86  f030		       a9 00		      lda	#0
     87  f032		       85 96		      sta	CountScoreFrame
     88  f034
     89  f034		       a9 02		      lda	#%00000010
     90  f036		       85 9d		      sta	BallEnable
     91  f038
     92  f038		       a9 48		      lda	#ColorP0
     93  f03a		       85 94		      sta	ColorScoreP0
     94  f03c		       85 06		      sta	COLUP0
     95  f03e		       a9 a8		      lda	#ColorP1
     96  f040		       85 95		      sta	ColorScoreP1
     97  f042		       85 07		      sta	COLUP1
     98  f044
     99  f044		       a9 10		      lda	#%00010000
    100  f046		       85 04		      sta	NUSIZ0
    101  f048
    102  f048		       a9 32		      lda	#50
    103  f04a		       85 99		      sta	BallPosX
    104  f04c
    105  f04c		       a9 8c		      lda	#140
    106  f04e		       85 9a		      sta	BallPosY
    107  f050
    108  f050		       a9 02		      lda	#%00000010
    109  f052		       85 1f		      sta	ENABL
    110  f054
    111  f054		       a9 00		      lda	#0
    112  f056		       85 19		      sta	AUDV0
    113  f058		       a9 04		      lda	#4
    114  f05a		       85 15		      sta	AUDC0
    115  f05c		       a9 05		      lda	#5
    116  f05e		       85 17		      sta	AUDF0
    117  f060
    118  f060		       a9 01		      lda	#1
    119  f062		       85 26		      sta	VDELP1
    120  f064
    121  f064
    122  f064							;;;;;;;;;;;;;;;;;;;;;;;;;;;;;;;;;;;;;;;;;;;;;;;;;;;;;;;;;;;;;;;
    123  f064							; Game Loop
    124  f064							;;;;;;;;;;;;;;;;;;;;;;;;;;;;;;;;;;;;;;;;;;;;;;;;;;;;;;;;;;;;;;;
    125  f064				   NextFrame
    126  f064		       4e 82 02 	      lsr	SWCHB	; test Game Reset switch
    127  f067		       90 97		      bcc	Start	; reset?
    128  f069
    129  f069							; Check Game Select switch
    130  f069		       ad 82 02 	      lda	SWCHB
    131  f06c		       29 02		      and	#%00000010	; test Game Select switch
    132  f06e		       d0 1e		      bne	GameSelectNotPressed
    133  f070		       a5 82		      lda	GameSelectDebounce
    134  f072		       d0 1a		      bne	GameSelectNotPressed
    135  f074							; Game Select was pressed
    136  f074		       a9 0f		      lda	#15
    137  f076		       85 82		      sta	GameSelectDebounce
    138  f078		       e6 81		      inc	GameMode
    139  f07a		       a5 81		      lda	GameMode
    140  f07c		       c9 04		      cmp	#4	; we have 4 modes (0, 1, 2, 3)
    141  f07e		       90 04		      bcc	GameSelectDone
    142  f080		       a9 00		      lda	#0
    143  f082		       85 81		      sta	GameMode
    144  f084				   GameSelectDone
    145  f084							; Visual feedback: change playfield color based on mode
    146  f084		       a6 81		      ldx	GameMode
    147  f086		       bd 00 f7 	      lda	GameModeColors,x
    148  f089		       85 08		      sta	COLUPF
    149  f08b		       4c 8e f0 	      jmp	GameSelectNotPressed
    150  f08e				   GameSelectNotPressed
    151  f08e		       a5 82		      lda	GameSelectDebounce
    152  f090		       f0 02		      beq	NoDebounceDecrement
    153  f092		       c6 82		      dec	GameSelectDebounce
    154  f094				   NoDebounceDecrement
    155  f094
    156  f094							;;;;;;;;;;;;;;;;;;;;;;;;;;;;;
    157  f094							; 1 + 3 lines of VSYNC
      0  f094					      VERTICAL_SYNC
      1  f094		       a9 0e		      lda	#%1110
      2  f096		       85 02	   .VSLP1     sta	WSYNC
      3  f098		       85 00		      sta	VSYNC
      4  f09a		       4a		      lsr
      5  f09b		       d0 f9		      bne	.VSLP1
    159  f09d
    160  f09d							;;;;;;;;;;;;;;;;;;;;;;;;;;;;;
    161  f09d							; 37 lines of underscan
      0  f09d					      TIMER_SETUP	37
      1  f09d				   .lines     SET	37
      2  f09d				   .cycles    SET	((.lines * 76) - 13)
      3  f09d
      4  f09d
      5  f09d				  -	      if	(.cycles % 64) < 12
      6  f09d				  -	      lda	#(.cycles / 64) - 1
      7  f09d				  -	      sta	WSYNC
      8  f09d					      else
      9  f09d		       a9 2b		      lda	#(.cycles / 64)
     10  f09f		       85 02		      sta	WSYNC
     11  f0a1					      endif
     12  f0a1		       8d 96 02 	      sta	TIM64T
    163  f0a4
    164  f0a4		       a9 00		      lda	#0
    165  f0a6		       85 19		      sta	AUDV0
    166  f0a8
    167  f0a8		       a9 01		      lda	#%0000001
    168  f0aa		       85 0a		      sta	CTRLPF
    169  f0ac
    170  f0ac		       a9 c2		      lda	#$C2
    171  f0ae		       85 08		      sta	COLUPF
    172  f0b0
    173  f0b0		       a5 88		      lda	Score0
    174  f0b2		       a2 00		      ldx	#0
    175  f0b4		       20 c7 f3 	      jsr	GetBCDBitmap
    176  f0b7		       a5 89		      lda	Score1
    177  f0b9		       a2 05		      ldx	#5
    178  f0bb		       20 c7 f3 	      jsr	GetBCDBitmap
    179  f0be
    180  f0be
    181  f0be		       a5 99		      lda	BallPosX
    182  f0c0		       a2 04		      ldx	#4
    183  f0c2		       20 57 f7 	      jsr	SetHorizPos
    184  f0c5
    185  f0c5							; Set horizontal position player 0 (using variable)
    186  f0c5		       a2 00		      ldx	#0
    187  f0c7		       a5 84		      lda	HorizPosPlayer0
    188  f0c9		       20 57 f7 	      jsr	SetHorizPos
    189  f0cc							; Set horizontal position player 1 (using variable)
    190  f0cc		       a2 01		      ldx	#1
    191  f0ce		       a5 85		      lda	HorizPosPlayer1
    192  f0d0		       20 57 f7 	      jsr	SetHorizPos
    193  f0d3
    194  f0d3		       85 02		      sta	WSYNC
    195  f0d5		       85 2a		      sta	HMOVE
    196  f0d7
      0  f0d7					      TIMER_WAIT
      1  f0d7				   .waittimer
      2  f0d7		       ad 84 02 	      lda	INTIM
      3  f0da		       d0 fb		      bne	.waittimer
      4  f0dc		       85 02		      sta	WSYNC
    198  f0de
    199  f0de							;;;;;;;;;;;;;;;;;;;;;;;;;;;;;
    200  f0de							; 192 lines of frame
    201  f0de
    202  f0de							; First part playfield
    203  f0de
    204  f0de
    205  f0de							; First, we'll draw the scoreboard.
    206  f0de							; Put the playfield into score mode (bit 2) which gives
    207  f0de							; two different colors for the left/right side of
    208  f0de							; the playfield (given by COLUP0 and COLUP1).
    209  f0de
    210  f0de							; Now we draw all four digits.
    211  f0de
    212  f0de		       a9 01		      lda	#%0000001
    213  f0e0		       85 0a		      sta	CTRLPF
    214  f0e2
    215  f0e2		       a9 ff		      lda	#%11111111
    216  f0e4		       85 0e		      sta	PF1
    217  f0e6		       85 0f		      sta	PF2
    218  f0e8
    219  f0e8		       a9 cf		      lda	#%11001111
    220  f0ea		       85 0d		      sta	PF0
    221  f0ec		       85 02		      sta	WSYNC
    222  f0ee		       a9 ef		      lda	#%11101111
    223  f0f0		       85 0d		      sta	PF0
    224  f0f2		       85 02		      sta	WSYNC
    225  f0f4
    226  f0f4		       a9 ff		      lda	#%11111111
    227  f0f6		       85 0d		      sta	PF0
    228  f0f8
    229  f0f8					      REPEAT	4
    230  f0f8		       85 02		      sta	WSYNC
    229  f0f8					      REPEND
    230  f0fa		       85 02		      sta	WSYNC
    229  f0fa					      REPEND
    230  f0fc		       85 02		      sta	WSYNC
    229  f0fc					      REPEND
    230  f0fe		       85 02		      sta	WSYNC
    231  f100					      REPEND
    232  f100
    233  f100		       a0 00		      ldy	#0	; Y will contain the frame Y coordinate
    234  f102		       84 0d		      sty	PF0
    235  f104		       84 0e		      sty	PF1
    236  f106		       84 0f		      sty	PF2
    237  f108		       a9 12		      lda	#%00010010	; score mode + 2 pixel ball
    238  f10a		       85 0a		      sta	CTRLPF
    239  f10c		       a5 94		      lda	ColorScoreP0
    240  f10e		       85 06		      sta	COLUP0	; set color for left
    241  f110		       a5 95		      lda	ColorScoreP1
    242  f112		       85 07		      sta	COLUP1	; set color for right
    243  f114		       85 02		      sta	WSYNC
    244  f116				   ScanLoop1a
    245  f116		       85 02		      sta	WSYNC
    246  f118		       98		      tya
    247  f119		       4a		      lsr		; divide Y by two for double-height lines
    248  f11a		       aa		      tax		; -> X
    249  f11b		       b5 8a		      lda	FontBuf+0,x
    250  f11d		       85 0e		      sta	PF1	; set left score bitmap
      0  f11f					      SLEEP	24
      1  f11f				   .CYCLES    SET	24
      2  f11f
      3  f11f				  -	      IF	.CYCLES < 2
      4  f11f				  -	      ECHO	"MACRO ERROR: 'SLEEP': Duration must be > 1"
      5  f11f				  -	      ERR
      6  f11f					      ENDIF
      7  f11f
      8  f11f				  -	      IF	.CYCLES & 1
      9  f11f				  -	      IFNCONST	NO_ILLEGAL_OPCODES
     10  f11f				  -	      nop	0
     11  f11f				  -	      ELSE
     12  f11f				  -	      bit	VSYNC
     13  f11f				  -	      ENDIF
     14  f11f				  -.CYCLES    SET	.CYCLES - 3
     15  f11f					      ENDIF
     16  f11f
     17  f11f					      REPEAT	.CYCLES / 2
     18  f11f		       ea		      nop
     17  f11f					      REPEND
     18  f120		       ea		      nop
     17  f120					      REPEND
     18  f121		       ea		      nop
     17  f121					      REPEND
     18  f122		       ea		      nop
     17  f122					      REPEND
     18  f123		       ea		      nop
     17  f123					      REPEND
     18  f124		       ea		      nop
     17  f124					      REPEND
     18  f125		       ea		      nop
     17  f125					      REPEND
     18  f126		       ea		      nop
     17  f126					      REPEND
     18  f127		       ea		      nop
     17  f127					      REPEND
     18  f128		       ea		      nop
     17  f128					      REPEND
     18  f129		       ea		      nop
     17  f129					      REPEND
     18  f12a		       ea		      nop
     19  f12b					      REPEND
    252  f12b		       b5 8f		      lda	FontBuf+5,x
    253  f12d		       85 0e		      sta	PF1	; set right score bitmap
    254  f12f		       c8		      iny
    255  f130		       c0 0a		      cpy	#10
    256  f132		       90 e2		      bcc	ScanLoop1a
    257  f134
    258  f134
      0  f134					      TIMER_SETUP	9
      1  f134				   .lines     SET	9
      2  f134				   .cycles    SET	((.lines * 76) - 13)
      3  f134
      4  f134
      5  f134				  -	      if	(.cycles % 64) < 12
      6  f134				  -	      lda	#(.cycles / 64) - 1
      7  f134				  -	      sta	WSYNC
      8  f134					      else
      9  f134		       a9 0a		      lda	#(.cycles / 64)
     10  f136		       85 02		      sta	WSYNC
     11  f138					      endif
     12  f138		       8d 96 02 	      sta	TIM64T
    260  f13b
    261  f13b		       a9 00		      lda	#0	; Y will contain the frame Y coordinate
    262  f13d		       85 0d		      sta	PF0
    263  f13f		       85 0e		      sta	PF1
    264  f141		       85 0f		      sta	PF2
    265  f143
    266  f143		       85 02		      sta	WSYNC
    267  f145		       85 02		      sta	WSYNC
    268  f147
    269  f147		       a9 11		      lda	#%00010001
    270  f149		       85 0a		      sta	CTRLPF
    271  f14b		       a9 c2		      lda	#$C2
    272  f14d		       85 08		      sta	COLUPF
    273  f14f		       a9 ff		      lda	#%11111111
    274  f151		       85 0d		      sta	PF0
    275  f153		       85 0e		      sta	PF1
    276  f155		       85 0f		      sta	PF2
    277  f157
    278  f157		       a5 98		      lda	PlayerWin
    279  f159		       d0 1f		      bne	Finished
    280  f15b
    281  f15b							; Set sprite size and colors based on game mode
    282  f15b		       a5 81		      lda	GameMode
    283  f15d		       c9 02		      cmp	#2
    284  f15f		       d0 09		      bne	NormalSizeInGame
    285  f161							; Mode 2: Big paddles
    286  f161		       a9 05		      lda	#%00000101	; double width sprites
    287  f163		       85 04		      sta	NUSIZ0
    288  f165		       85 05		      sta	NUSIZ1
    289  f167		       4c 72 f1 	      jmp	SizeDoneInGame
    290  f16a				   NormalSizeInGame
    291  f16a		       a9 10		      lda	#%00010000	; normal size with 2 pixel ball
    292  f16c		       85 04		      sta	NUSIZ0
    293  f16e		       a9 00		      lda	#%00000000
    294  f170		       85 05		      sta	NUSIZ1
    295  f172				   SizeDoneInGame
    296  f172
    297  f172		       a9 48		      lda	#ColorP0
    298  f174		       85 06		      sta	COLUP0	; set color for left
    299  f176		       a9 a8		      lda	#ColorP1
    300  f178		       85 07		      sta	COLUP1	; set color for right
    301  f17a
    302  f17a				   Finished
    303  f17a
      0  f17a					      TIMER_WAIT
      1  f17a				   .waittimer
      2  f17a		       ad 84 02 	      lda	INTIM
      3  f17d		       d0 fb		      bne	.waittimer
      4  f17f		       85 02		      sta	WSYNC
    305  f181
    306  f181
    307  f181							; Section game field
    308  f181		       a2 9c		      ldx	#160-4
    309  f183
    310  f183		       a9 0e		      lda	#$0E
    311  f185		       85 08		      sta	COLUPF
    312  f187
    313  f187		       a9 00		      lda	#0
    314  f189		       85 0e		      sta	PF1
    315  f18b		       a9 10		      lda	#%00010000
    316  f18d		       85 0d		      sta	PF0
    317  f18f		       a9 80		      lda	#%10000000
    318  f191		       85 0f		      sta	PF2
    319  f193		       85 02		      sta	WSYNC
    320  f195				   Loop
    321  f195
    322  f195							; Draw ball
    323  f195		       85 02		      STA	WSYNC
    324  f197
    325  f197		       8a		      txa		; X -> A
    326  f198		       a0 00		      ldy	#%00000000
    327  f19a		       38		      sec		; set carry for subtract
    328  f19b		       e5 9a		      sbc	BallPosY	; local coordinate
    329  f19d		       c9 04		      cmp	#4	; in sprite?
    330  f19f		       b0 13		      bcs	SetBall	; yes, skip over next
    331  f1a1
    332  f1a1							; Check for invisible ball mode (mode 3)
    333  f1a1		       a5 81		      lda	GameMode
    334  f1a3		       c9 03		      cmp	#3
    335  f1a5		       d0 06		      bne	NormalBall
    336  f1a7		       a5 83		      lda	InvisibleCounter
    337  f1a9		       29 20		      and	#%00100000	; check bit 5 to toggle visibility
    338  f1ab		       d0 05		      bne	HideBall
    339  f1ad				   NormalBall
    340  f1ad		       a4 9d		      ldy	BallEnable	; lookup frame data
    341  f1af		       4c b4 f1 	      jmp	SetBall
    342  f1b2				   HideBall
    343  f1b2		       a0 00		      ldy	#%00000000
    344  f1b4				   SetBall
    345  f1b4		       84 1f		      sty	ENABL	; store bitmap
    346  f1b6
    347  f1b6							; Draw Sprites
    348  f1b6
    349  f1b6							; Sprite 1
    350  f1b6		       8a		      txa		; X -> A
    351  f1b7		       38		      sec		; set carry for subtract
    352  f1b8		       e5 87		      sbc	PosPlayer1	; local coordinate
    353  f1ba		       c9 21		      cmp	#SpriteHeight	; in sprite?
    354  f1bc		       90 02		      bcc	InSprite1	; yes, skip over next
    355  f1be		       a9 00		      lda	#0	; not in sprite, load 0
    356  f1c0				   InSprite1
    357  f1c0		       a8		      tay		; local coord -> Y
    358  f1c1		       b9 36 f7 	      lda	PlayerSprite,y	; lookup frame data
    359  f1c4		       85 1c		      sta	GRP1	; store bitmap
    360  f1c6
    361  f1c6							; Sprite 0
    362  f1c6		       8a		      txa		; X -> A
    363  f1c7		       38		      sec		; set carry for subtract
    364  f1c8		       e5 86		      sbc	PosPlayer0	; local coordinate
    365  f1ca		       c9 21		      cmp	#SpriteHeight	; in sprite?
    366  f1cc		       90 02		      bcc	InSprite0	; yes, skip over next
    367  f1ce		       a9 00		      lda	#0	; not in sprite, load 0
    368  f1d0				   InSprite0
    369  f1d0		       a8		      tay		; local coord -> Y
    370  f1d1		       b9 36 f7 	      lda	PlayerSprite,y	; lookup frame data
    371  f1d4		       85 1b		      sta	GRP0	; store bitmap
    372  f1d6
    373  f1d6		       ca		      dex
    374  f1d7		       d0 bc		      bne	Loop
    375  f1d9
    376  f1d9
    377  f1d9							; Lower part of the playfield
    378  f1d9		       a9 c2		      lda	#$C2
    379  f1db		       85 08		      sta	COLUPF
    380  f1dd
    381  f1dd		       a9 ff		      lda	#%11111111
    382  f1df		       85 0e		      sta	PF1
    383  f1e1		       85 0d		      sta	PF0
    384  f1e3		       85 0f		      sta	PF2
    385  f1e5
    386  f1e5					      REPEAT	5
    387  f1e5		       85 02		      sta	WSYNC
    386  f1e5					      REPEND
    387  f1e7		       85 02		      sta	WSYNC
    386  f1e7					      REPEND
    387  f1e9		       85 02		      sta	WSYNC
    386  f1e9					      REPEND
    387  f1eb		       85 02		      sta	WSYNC
    386  f1eb					      REPEND
    387  f1ed		       85 02		      sta	WSYNC
    388  f1ef					      REPEND
    389  f1ef
    390  f1ef		       a9 ef		      lda	#%11101111
    391  f1f1		       85 0d		      sta	PF0
    392  f1f3		       85 02		      sta	WSYNC
    393  f1f5		       a9 cf		      lda	#%11001111
    394  f1f7		       85 0d		      sta	PF0
    395  f1f9		       85 02		      sta	WSYNC
    396  f1fb
    397  f1fb
    398  f1fb							; Clear playfield
    399  f1fb		       a9 00		      lda	#0
    400  f1fd		       85 0d		      sta	PF0
    401  f1ff		       85 0e		      sta	PF1
    402  f201		       85 0f		      sta	PF2
    403  f203
    404  f203		       85 02		      sta	WSYNC
    405  f205		       85 02		      sta	WSYNC
    406  f207
    407  f207
    408  f207							; 29 lines of overscan
      0  f207					      TIMER_SETUP	29
      1  f207				   .lines     SET	29
      2  f207				   .cycles    SET	((.lines * 76) - 13)
      3  f207
      4  f207
      5  f207				  -	      if	(.cycles % 64) < 12
      6  f207				  -	      lda	#(.cycles / 64) - 1
      7  f207				  -	      sta	WSYNC
      8  f207					      else
      9  f207		       a9 22		      lda	#(.cycles / 64)
     10  f209		       85 02		      sta	WSYNC
     11  f20b					      endif
     12  f20b		       8d 96 02 	      sta	TIM64T
    410  f20e
    411  f20e
    412  f20e							; Checking collisions between ball and left/right limit
    413  f20e							; Also updating ball positiona and score if necessary
    414  f20e
    415  f20e		       f8		      sed
    416  f20f		       a5 99		      lda	BallPosX
    417  f211		       c9 9b		      cmp	#$9B	; Check if >= 155 (was hitting exactly 157)
    418  f213		       90 28		      bcc	NoHitRightWall
    419  f215		       a9 00		      lda	#0
    420  f217		       85 97		      sta	ScoredPlayer0
    421  f219		       a5 88		      lda	Score0
    422  f21b		       c9 20		      cmp	#ScoreToWin
    423  f21d		       d0 09		      bne	NotWonYet0
    424  f21f		       a9 01		      lda	#1
    425  f221		       85 98		      sta	PlayerWin
    426  f223		       a9 a0		      lda	#160
    427  f225		       4c 2a f2 	      jmp	SetWin0
    428  f228				   NotWonYet0
    429  f228		       a9 14		      lda	#20
    430  f22a				   SetWin0
    431  f22a		       85 96		      sta	CountScoreFrame
    432  f22c		       a9 64		      lda	#100
    433  f22e		       85 99		      sta	BallPosX
    434  f230		       a5 9b		      lda	BallDirection
    435  f232		       49 40		      eor	#%01000000
    436  f234		       85 9b		      sta	BallDirection
    437  f236		       18		      clc
    438  f237		       a5 88		      lda	Score0
    439  f239		       69 01		      adc	#1
    440  f23b		       85 88		      sta	Score0
    441  f23d				   NoHitRightWall
    442  f23d
    443  f23d		       a5 99		      lda	BallPosX
    444  f23f		       c9 0a		      cmp	#10	; Check if <= 10 (was hitting exactly 8)
    445  f241		       b0 28		      bcs	NoHitLeftWall
    446  f243		       a9 01		      lda	#1
    447  f245		       85 97		      sta	ScoredPlayer0
    448  f247		       a5 89		      lda	Score1
    449  f249		       c9 20		      cmp	#ScoreToWin
    450  f24b		       d0 09		      bne	NotWonYet1
    451  f24d		       a9 01		      lda	#1
    452  f24f		       85 98		      sta	PlayerWin
    453  f251		       a9 a0		      lda	#160
    454  f253		       4c 58 f2 	      jmp	SetWin1
    455  f256				   NotWonYet1
    456  f256		       a9 14		      lda	#20
    457  f258				   SetWin1
    458  f258		       85 96		      sta	CountScoreFrame
    459  f25a		       a9 32		      lda	#50
    460  f25c		       85 99		      sta	BallPosX
    461  f25e		       a5 9b		      lda	BallDirection
    462  f260		       49 40		      eor	#%01000000
    463  f262		       85 9b		      sta	BallDirection
    464  f264		       18		      clc
    465  f265		       a5 89		      lda	Score1
    466  f267		       69 01		      adc	#1
    467  f269		       85 89		      sta	Score1
    468  f26b				   NoHitLeftWall
    469  f26b		       d8		      cld
    470  f26c
    471  f26c							; Handles players movement
    472  f26c
    473  f26c		       a5 96		      lda	CountScoreFrame
    474  f26e		       f0 03		      beq	ContinueMovement
    475  f270		       4c f8 f2 	      jmp	NoCheckMovement
    476  f273				   ContinueMovement
    477  f273
    478  f273							; Checks ball movements
    479  f273		       24 9b		      bit	BallDirection
    480  f275		       50 0d		      bvc	DecX
    481  f277
    482  f277		       e6 99		      inc	BallPosX
    483  f279							; Check game mode for fast ball (mode 1)
    484  f279		       a5 81		      lda	GameMode
    485  f27b		       c9 01		      cmp	#1
    486  f27d		       d0 0f		      bne	XDirection
    487  f27f		       e6 99		      inc	BallPosX	; move ball twice as fast in mode 1
    488  f281		       4c 8e f2 	      jmp	XDirection
    489  f284				   DecX
    490  f284		       c6 99		      dec	BallPosX
    491  f286							; Check game mode for fast ball (mode 1)
    492  f286		       a5 81		      lda	GameMode
    493  f288		       c9 01		      cmp	#1
    494  f28a		       d0 02		      bne	XDirection
    495  f28c		       c6 99		      dec	BallPosX	; move ball twice as fast in mode 1
    496  f28e				   XDirection
    497  f28e
    498  f28e							; Update invisible counter for mode 3
    499  f28e		       a5 81		      lda	GameMode
    500  f290		       c9 03		      cmp	#3
    501  f292		       d0 02		      bne	NoInvisibleUpdate
    502  f294		       e6 83		      inc	InvisibleCounter
    503  f296				   NoInvisibleUpdate
    504  f296
    505  f296		       24 9b		      bit	BallDirection
    506  f298		       10 05		      bpl	DecY
    507  f29a		       e6 9a		      inc	BallPosY
    508  f29c		       4c a1 f2 	      jmp	YDirection
    509  f29f				   DecY
    510  f29f		       c6 9a		      dec	BallPosY
    511  f2a1				   YDirection
    512  f2a1
    513  f2a1		       a9 02		      lda	#%00000010
    514  f2a3		       85 9d		      sta	BallEnable
    515  f2a5
    516  f2a5							; Player 0 movement (vertical and horizontal)
    517  f2a5		       ad 80 02 	      lda	SWCHA
    518  f2a8		       29 10		      and	#%00010000	; Down
    519  f2aa		       d0 04		      bne	NoMovP0Down
    520  f2ac		       e6 86		      inc	PosPlayer0
    521  f2ae		       e6 86		      inc	PosPlayer0
    522  f2b0				   NoMovP0Down
    523  f2b0		       ad 80 02 	      lda	SWCHA
    524  f2b3		       29 20		      and	#%00100000	; Up
    525  f2b5		       d0 04		      bne	NoMovP0Up
    526  f2b7		       c6 86		      dec	PosPlayer0
    527  f2b9		       c6 86		      dec	PosPlayer0
    528  f2bb				   NoMovP0Up
    529  f2bb		       ad 80 02 	      lda	SWCHA
    530  f2be		       29 40		      and	#%01000000	; Left
    531  f2c0		       d0 02		      bne	NoMovP0Left
    532  f2c2		       c6 84		      dec	HorizPosPlayer0
    533  f2c4				   NoMovP0Left
    534  f2c4		       ad 80 02 	      lda	SWCHA
    535  f2c7		       29 80		      and	#%10000000	; Right
    536  f2c9		       d0 02		      bne	NoMovP0Right
    537  f2cb		       e6 84		      inc	HorizPosPlayer0
    538  f2cd				   NoMovP0Right
    539  f2cd
    540  f2cd							; Player 1 movement (vertical and horizontal)
    541  f2cd		       ad 80 02 	      lda	SWCHA
    542  f2d0		       29 01		      and	#%00000001	; Down
    543  f2d2		       d0 04		      bne	NoMovP1Down
    544  f2d4		       e6 87		      inc	PosPlayer1
    545  f2d6		       e6 87		      inc	PosPlayer1
    546  f2d8				   NoMovP1Down
    547  f2d8		       ad 80 02 	      lda	SWCHA
    548  f2db		       29 02		      and	#%00000010	; Up
    549  f2dd		       d0 04		      bne	NoMovP1Up
    550  f2df		       c6 87		      dec	PosPlayer1
    551  f2e1		       c6 87		      dec	PosPlayer1
    552  f2e3				   NoMovP1Up
    553  f2e3		       ad 80 02 	      lda	SWCHA
    554  f2e6		       29 04		      and	#%00000100	; Left
    555  f2e8		       d0 02		      bne	NoMovP1Left
    556  f2ea		       c6 85		      dec	HorizPosPlayer1
    557  f2ec				   NoMovP1Left
    558  f2ec		       ad 80 02 	      lda	SWCHA
    559  f2ef		       29 08		      and	#%00001000	; Right
    560  f2f1		       d0 02		      bne	NoMovP1Right
    561  f2f3		       e6 85		      inc	HorizPosPlayer1
    562  f2f5				   NoMovP1Right
    563  f2f5		       4c fc f2 	      jmp	CheckMovement
    564  f2f8
    565  f2f8				   NoCheckMovement
    566  f2f8		       a9 00		      lda	#%00000000
    567  f2fa		       85 9d		      sta	BallEnable
    568  f2fc				   CheckMovement
    569  f2fc
    570  f2fc							; Verifies that players do not move outside the vertical limits
    571  f2fc		       a5 87		      lda	PosPlayer1
    572  f2fe		       c9 02		      cmp	#2
    573  f300		       10 04		      bpl	P1VertOK1
    574  f302		       a9 02		      lda	#2
    575  f304		       85 87		      sta	PosPlayer1
    576  f306				   P1VertOK1
    577  f306		       a5 86		      lda	PosPlayer0
    578  f308		       c9 02		      cmp	#2
    579  f30a		       10 04		      bpl	P0VertOK1
    580  f30c		       a9 02		      lda	#2
    581  f30e		       85 86		      sta	PosPlayer0
    582  f310				   P0VertOK1
    583  f310
    584  f310		       a5 87		      lda	PosPlayer1
    585  f312		       c9 7c		      cmp	#$7C
    586  f314		       30 04		      bmi	P1VertOK2
    587  f316		       a9 7b		      lda	#$7B
    588  f318		       85 87		      sta	PosPlayer1
    589  f31a				   P1VertOK2
    590  f31a		       a5 86		      lda	PosPlayer0
    591  f31c		       c9 7c		      cmp	#$7C
    592  f31e		       30 04		      bmi	P0VertOK2
    593  f320		       a9 7b		      lda	#$7b
    594  f322		       85 86		      sta	PosPlayer0
    595  f324				   P0VertOK2
    596  f324
    597  f324							; Verifies that players do not move outside the horizontal limits
    598  f324							; Player 0 (left side): minimum 10, maximum 75 (middle of screen)
    599  f324		       a5 84		      lda	HorizPosPlayer0
    600  f326		       c9 0a		      cmp	#10
    601  f328		       10 04		      bpl	P0HorizOK1
    602  f32a		       a9 0a		      lda	#10
    603  f32c		       85 84		      sta	HorizPosPlayer0
    604  f32e				   P0HorizOK1
    605  f32e		       a5 84		      lda	HorizPosPlayer0
    606  f330		       c9 4b		      cmp	#75
    607  f332		       30 04		      bmi	P0HorizOK2
    608  f334		       a9 4b		      lda	#75
    609  f336		       85 84		      sta	HorizPosPlayer0
    610  f338				   P0HorizOK2
    611  f338
    612  f338							; Player 1 (right side): minimum 85 (middle of screen), maximum 148
    613  f338		       a5 85		      lda	HorizPosPlayer1
    614  f33a		       c9 55		      cmp	#85
    615  f33c		       10 04		      bpl	P1HorizOK1
    616  f33e		       a9 55		      lda	#85
    617  f340		       85 85		      sta	HorizPosPlayer1
    618  f342				   P1HorizOK1
    619  f342		       a5 85		      lda	HorizPosPlayer1
    620  f344		       c9 94		      cmp	#148
    621  f346		       30 04		      bmi	P1HorizOK2
    622  f348		       a9 94		      lda	#148
    623  f34a		       85 85		      sta	HorizPosPlayer1
    624  f34c				   P1HorizOK2
    625  f34c
    626  f34c							; Checking collisions between ball and players
    627  f34c
    628  f34c		       a5 9c		      lda	BallDirCounter
    629  f34e		       d0 27		      bne	DoNotCheckPlayerHitBall
    630  f350
    631  f350		       24 02		      bit	CXP0FB
    632  f352		       50 0e		      bvc	NoHitPlayer0
    633  f354		       a9 0a		      lda	#10
    634  f356		       85 9c		      sta	BallDirCounter
    635  f358		       a5 9b		      lda	BallDirection
    636  f35a		       49 40		      eor	#%01000000
    637  f35c		       85 9b		      sta	BallDirection
    638  f35e		       a9 0a		      lda	#10
    639  f360		       85 19		      sta	AUDV0
    640  f362				   NoHitPlayer0
    641  f362
    642  f362		       24 03		      bit	CXP1FB
    643  f364		       50 0e		      bvc	NoHitPlayer1
    644  f366		       a9 0a		      lda	#10
    645  f368		       85 9c		      sta	BallDirCounter
    646  f36a		       a5 9b		      lda	BallDirection
    647  f36c		       49 40		      eor	#%01000000
    648  f36e		       85 9b		      sta	BallDirection
    649  f370		       a9 06		      lda	#6
    650  f372		       85 19		      sta	AUDV0
    651  f374				   NoHitPlayer1
    652  f374		       4c 79 f3 	      jmp	NoBallCounterDec
    653  f377
    654  f377				   DoNotCheckPlayerHitBall
    655  f377		       c6 9c		      dec	BallDirCounter
    656  f379				   NoBallCounterDec
    657  f379
    658  f379							; Reset collition status
    659  f379		       85 2c		      sta	CXCLR
    660  f37b
    661  f37b
    662  f37b							; Checking collisions between ball and top/bottom wall
    663  f37b
    664  f37b		       a5 9a		      lda	BallPosY
    665  f37d		       c9 9a		      cmp	#154
    666  f37f		       d0 0a		      bne	NoHitTopWall
    667  f381		       a5 9b		      lda	BallDirection
    668  f383		       49 80		      eor	#%10000000
    669  f385		       85 9b		      sta	BallDirection
    670  f387		       a9 06		      lda	#6
    671  f389		       85 19		      sta	AUDV0
    672  f38b				   NoHitTopWall
    673  f38b
    674  f38b		       a5 9a		      lda	BallPosY
    675  f38d		       c9 02		      cmp	#2
    676  f38f		       d0 0a		      bne	NoHitBottomWall
    677  f391		       a5 9b		      lda	BallDirection
    678  f393		       49 80		      eor	#%10000000
    679  f395		       85 9b		      sta	BallDirection
    680  f397		       a9 06		      lda	#6
    681  f399		       85 19		      sta	AUDV0
    682  f39b				   NoHitBottomWall
    683  f39b
    684  f39b		       a5 96		      lda	CountScoreFrame
    685  f39d		       f0 10		      beq	NoActionScore
    686  f39f		       c6 96		      dec	CountScoreFrame
    687  f3a1		       d0 07		      bne	NoCheckWin
    688  f3a3		       a5 98		      lda	PlayerWin
    689  f3a5		       f0 03		      beq	NoCheckWin
    690  f3a7		       4c 00 f0 	      jmp	Start
    691  f3aa				   NoCheckWin
    692  f3aa		       a4 97		      ldy	ScoredPlayer0
    693  f3ac		       4c ba f3 	      jmp	SetScoreColor
    694  f3af
    695  f3af				   NoActionScore
    696  f3af		       a9 48		      lda	#$48
    697  f3b1		       85 94		      sta	ColorScoreP0
    698  f3b3		       a9 a8		      lda	#$a8
    699  f3b5		       85 95		      sta	ColorScoreP1
    700  f3b7		       4c bd f3 	      jmp	ScoreCheckCompleted
    701  f3ba				   SetScoreColor
    702  f3ba		       99 94 00 	      sta	ColorScoreP0,y
    703  f3bd				   ScoreCheckCompleted
    704  f3bd
      0  f3bd					      TIMER_WAIT
      1  f3bd				   .waittimer
      2  f3bd		       ad 84 02 	      lda	INTIM
      3  f3c0		       d0 fb		      bne	.waittimer
      4  f3c2		       85 02		      sta	WSYNC
    706  f3c4
    707  f3c4							; total = 262 lines, go to next frame
    708  f3c4		       4c 64 f0 	      jmp	NextFrame
    709  f3c7
    710  f3c7
    711  f3c7							; Fetches bitmap data for two digits of a
    712  f3c7							; BCD-encoded number, storing it in addresses
    713  f3c7							; FontBuf+x to FontBuf+4+x.
    714  f3c7				   GetBCDBitmap subroutine
    715  f3c7							; First fetch the bytes for the 1st digit
    716  f3c7		       48		      pha		; save original BCD number
    717  f3c8		       29 0f		      and	#$0F	; mask out the least significant digit
    718  f3ca		       85 80		      sta	Temp
    719  f3cc		       0a		      asl
    720  f3cd		       0a		      asl
    721  f3ce		       65 80		      adc	Temp	; multiply by 5
    722  f3d0		       a8		      tay		; -> Y
    723  f3d1		       a9 05		      lda	#5
    724  f3d3		       85 80		      sta	Temp	; count down from 5
    725  f3d5				   .loop1
    726  f3d5		       b9 04 f7 	      lda	DigitsBitmap,y
    727  f3d8		       29 0f		      and	#$0F	; mask out leftmost digit
    728  f3da		       95 8a		      sta	FontBuf,x	; store leftmost digit
    729  f3dc		       c8		      iny
    730  f3dd		       e8		      inx
    731  f3de		       c6 80		      dec	Temp
    732  f3e0		       d0 f3		      bne	.loop1
    733  f3e2							; Now do the 2nd digit
    734  f3e2		       68		      pla		; restore original BCD number
    735  f3e3		       4a		      lsr
    736  f3e4		       4a		      lsr
    737  f3e5		       4a		      lsr
    738  f3e6		       4a		      lsr		; shift right by 4 (in BCD, divide by 10)
    739  f3e7		       85 80		      sta	Temp
    740  f3e9		       0a		      asl
    741  f3ea		       0a		      asl
    742  f3eb		       65 80		      adc	Temp	; multiply by 5
    743  f3ed		       a8		      tay		; -> Y
    744  f3ee		       ca		      dex
    745  f3ef		       ca		      dex
    746  f3f0		       ca		      dex
    747  f3f1		       ca		      dex
    748  f3f2		       ca		      dex		; subtract 5 from X (reset to original)
    749  f3f3		       a9 05		      lda	#5
    750  f3f5		       85 80		      sta	Temp	; count down from 5
    751  f3f7				   .loop2
    752  f3f7		       b9 04 f7 	      lda	DigitsBitmap,y
    753  f3fa		       29 f0		      and	#$F0	; mask out leftmost digit
    754  f3fc		       15 8a		      ora	FontBuf,x	; combine left and right digits
    755  f3fe		       95 8a		      sta	FontBuf,x	; store combined digits
    756  f400		       c8		      iny
    757  f401		       e8		      inx
    758  f402		       c6 80		      dec	Temp
    759  f404		       d0 f1		      bne	.loop2
    760  f406		       60		      rts
    761  f407
    762  f700					      org	$F700
    763  f700
    764  f700							; Game mode colors for visual feedback
    765  f700				   GameModeColors
    766  f700		       c2		      .byte.b	$C2	; Mode 0: Normal - cyan
    767  f701		       46		      .byte.b	$46	; Mode 1: Fast ball - red
    768  f702		       d6		      .byte.b	$D6	; Mode 2: Big paddles - purple
    769  f703		       0e		      .byte.b	$0E	; Mode 3: Invisible ball - white
    770  f704
    771  f704							; Bitmap pattern for digits
    772  f704				   DigitsBitmap 		;;{w:8,h:5,count:10,brev:1};;
    773  f704		       ee aa aa aa*	      .byte.b	$EE,$AA,$AA,$AA,$EE
    774  f709		       22 22 22 22*	      .byte.b	$22,$22,$22,$22,$22
    775  f70e		       ee 22 ee 88*	      .byte.b	$EE,$22,$EE,$88,$EE
    776  f713		       ee 22 66 22*	      .byte.b	$EE,$22,$66,$22,$EE
    777  f718		       aa aa ee 22*	      .byte.b	$AA,$AA,$EE,$22,$22
    778  f71d		       ee 88 ee 22*	      .byte.b	$EE,$88,$EE,$22,$EE
    779  f722		       ee 88 ee aa*	      .byte.b	$EE,$88,$EE,$AA,$EE
    780  f727		       ee 22 22 22*	      .byte.b	$EE,$22,$22,$22,$22
    781  f72c		       ee aa ee aa*	      .byte.b	$EE,$AA,$EE,$AA,$EE
    782  f731		       ee aa ee 22*	      .byte.b	$EE,$AA,$EE,$22,$EE
    783  f736
    784  f736							;---Graphics Data from PlayerPal 2600---
    785  f736
    786  f736							; Player graphics data
    787  f736				   PlayerSprite
    788  f736		       00		      .byte.b	#%00000000	;--
    789  f737		       18		      .byte.b	#%00011000	;--
    790  f738		       3c		      .byte.b	#%00111100	;--
    791  f739		       3c		      .byte.b	#%00111100	;--
    792  f73a		       7e		      .byte.b	#%01111110	;--
    793  f73b		       7e		      .byte.b	#%01111110	;--
    794  f73c		       7e		      .byte.b	#%01111110	;--
    795  f73d		       7e		      .byte.b	#%01111110	;--
    796  f73e		       7e		      .byte.b	#%01111110	;--
    797  f73f		       7e		      .byte.b	#%01111110	;--
    798  f740		       7e		      .byte.b	#%01111110	;--
    799  f741		       7e		      .byte.b	#%01111110	;--
    800  f742		       7e		      .byte.b	#%01111110	;--
    801  f743		       7e		      .byte.b	#%01111110	;--
    802  f744		       7e		      .byte.b	#%01111110	;--
    803  f745		       7e		      .byte.b	#%01111110	;--
    804  f746		       7e		      .byte.b	#%01111110	;--
    805  f747		       7e		      .byte.b	#%01111110	;--
    806  f748		       7e		      .byte.b	#%01111110	;--
    807  f749		       7e		      .byte.b	#%01111110	;--
    808  f74a		       7e		      .byte.b	#%01111110	;--
    809  f74b		       7e		      .byte.b	#%01111110	;--
    810  f74c		       7e		      .byte.b	#%01111110	;--
    811  f74d		       7e		      .byte.b	#%01111110	;--
    812  f74e		       7e		      .byte.b	#%01111110	;--
    813  f74f		       7e		      .byte.b	#%01111110	;--
    814  f750		       7e		      .byte.b	#%01111110	;--
    815  f751		       7e		      .byte.b	#%01111110	;--
    816  f752		       7e		      .byte.b	#%01111110	;--
    817  f753		       7e		      .byte.b	#%01111110	;--
    818  f754		       3c		      .byte.b	#%00111100	;--
    819  f755		       3c		      .byte.b	#%00111100	;--
    820  f756		       18		      .byte.b	#%00011000	;--
    821  f757
    822  f757
    823  f757							;;;;;;;;;;;;;;;;;;;;;;;;;;;;;;;;;;;;;;;;;;;;;;;;;;;;;;;;;;;;;;;;;;;;;
    824  f757							; SetHorizPos routine
    825  f757							; A = X coordinate
    826  f757							; X = player number (0 or 1)
    827  f757							;;;;;;;;;;;;;;;;;;;;;;;;;;;;;;;;;;;;;;;;;;;;;;;;;;;;;;;;;;;;;;;;;;;;;
    828  f757
    829  f757							; After this subroutine it is necessary to use
    830  f757							;
    831  f757							;	sta WSYNC
    832  f757							;	sta HMOVE
    833  f757							;
    834  f757							; to correctly set the parameters
    835  f757							; Then better to set (after waitin 26 cpu cycles)
    836  f757							;
    837  f757							;	sta HMCLR
    838  f757							;
    839  f757							; so next sta HMOVE will not impact the position
    840  f757
    841  f757							; Everything should be in the same page
    842  f757							; otherwise the timing is not correct
    843  f757
    844  f757							; The entire routine is positioned in memory at the end just to
    845  f757							; assure that the branch is not moving to a different page
    846  f757							; Total size of the routine 18 bytes.
    847  f757
    848  f757				   SetHorizPos SUBROUTINE
    849  f757		       38		      sec		; set carry flag
    850  f758		       85 02		      sta	WSYNC	; start a new line
    851  f75a				   .DivideLoop
    852  f75a		       e9 0f		      sbc	#15	; subtract 15
    853  f75c		       b0 fc		      bcs	.DivideLoop	; branch until negative
    854  f75e		       49 07		      eor	#7	; calculate fine offset
    855  f760		       0a		      asl
    856  f761		       0a		      asl
    857  f762		       0a		      asl
    858  f763		       0a		      asl
    859  f764		       95 20		      sta	HMP0,x	; set fine offset
    860  f766		       95 10		      sta	RESP0,x	; fix coarse position
    861  f768		       60		      rts		; return to caller
    862  f769
    863  f769							;;;;;;;;;;;;;;;;;;;;;;;;;;;;;;;;;;;;;;;;;;;;;;;;;;;;;;;;;;;;;;;
    864  f769							; Epilogue
    865  f769							;;;;;;;;;;;;;;;;;;;;;;;;;;;;;;;;;;;;;;;;;;;;;;;;;;;;;;;;;;;;;;;
    866  f769
    867  f7fc					      org	$f7fc
    868  f7fc		       00 f0		      .word.w	Start	; reset vectora
    869  f7fe		       00 f0		      .word.w	Start	; BRK vectordaw
