------- FILE Pong2600.asm LEVEL 1 PASS 2
      1  f7fe					      processor	6502
------- FILE vcs.h LEVEL 2 PASS 2
      0  f800 ????				      include	"vcs.h"
      1  f800 ????						; VCS.H
      2  f800 ????						; Version 1.05, 13/November/2003
      3  f800 ????
      4  f800 ????	       00 69	   VERSION_VCS =	105
      5  f800 ????
      6  f800 ????						; THIS IS A PRELIMINARY RELEASE OF *THE* "STANDARD" VCS.H
      7  f800 ????						; THIS FILE IS EXPLICITLY SUPPORTED AS A DASM-PREFERRED COMPANION FILE
      8  f800 ????						; PLEASE DO *NOT* REDISTRIBUTE THIS FILE!
      9  f800 ????						;
     10  f800 ????						; This file defines hardware registers and memory mapping for the
     11  f800 ????						; Atari 2600. It is distributed as a companion machine-specific support package
     12  f800 ????						; for the DASM compiler. Updates to this file, DASM, and associated tools are
     13  f800 ????						; available at at http://www.atari2600.org/dasm
     14  f800 ????						;
     15  f800 ????						; Many thanks to the original author(s) of this file, and to everyone who has
     16  f800 ????						; contributed to understanding the Atari 2600.  If you take issue with the
     17  f800 ????						; contents, or naming of registers, please write to me (atari2600@taswegian.com)
     18  f800 ????						; with your views.  Please contribute, if you think you can improve this
     19  f800 ????						; file!
     20  f800 ????						;
     21  f800 ????						; Latest Revisions...
     22  f800 ????						; 1.05  13/NOV/2003	  - Correction to 1.04 - now functions as requested by MR.
     23  f800 ????						;			  - Added VERSION_VCS equate (which will reflect 100x version #)
     24  f800 ????						;			    This will allow conditional code to verify VCS.H being
     25  f800 ????						;			    used for code assembly.
     26  f800 ????						; 1.04  12/NOV/2003	 Added TIA_BASE_WRITE_ADDRESS and TIA_BASE_READ_ADDRESS for
     27  f800 ????						;			 convenient disassembly/reassembly compatibility for hardware
     28  f800 ????						;			 mirrored reading/writing differences.	This is more a 
     29  f800 ????						;			 readability issue, and binary compatibility with disassembled
     30  f800 ????						;			 and reassembled sources.  Per Manuel Rotschkar's suggestion.
     31  f800 ????						; 1.03  12/MAY/2003	 Added SEG segment at end of file to fix old-code compatibility
     32  f800 ????						;			 which was broken by the use of segments in this file, as
     33  f800 ????						;			 reported by Manuel Polik on [stella] 11/MAY/2003
     34  f800 ????						; 1.02  22/MAR/2003	 Added TIMINT($285)
     35  f800 ????						; 1.01				Constant offset added to allow use for 3F-style bankswitching
     36  f800 ????						;						 - define TIA_BASE_ADDRESS as $40 for Tigervision carts, otherwise
     37  f800 ????						;						   it is safe to leave it undefined, and the base address will
     38  f800 ????						;						   be set to 0.  Thanks to Eckhard Stolberg for the suggestion.
     39  f800 ????						;			    Note, may use -DLABEL=EXPRESSION to define TIA_BASE_ADDRESS
     40  f800 ????						;			  - register definitions are now generated through assignment
     41  f800 ????						;			    in uninitialised segments.	This allows a changeable base
     42  f800 ????						;			    address architecture.
     43  f800 ????						; 1.0	22/MAR/2003		Initial release
     44  f800 ????
     45  f800 ????
     46  f800 ????						;-------------------------------------------------------------------------------
     47  f800 ????
     48  f800 ????						; TIA_BASE_ADDRESS
     49  f800 ????						; The TIA_BASE_ADDRESS defines the base address of access to TIA registers.
     50  f800 ????						; Normally 0, the base address should (externally, before including this file)
     51  f800 ????						; be set to $40 when creating 3F-bankswitched (and other?) cartridges.
     52  f800 ????						; The reason is that this bankswitching scheme treats any access to locations
     53  f800 ????						; < $40 as a bankswitch.
     54  f800 ????
     55  f800 ????			  -	      IFNCONST	TIA_BASE_ADDRESS
     56  f800 ????			  -TIA_BASE_ADDRESS =	0
     57  f800 ????				      ENDIF
     58  f800 ????
     59  f800 ????						; Note: The address may be defined on the command-line using the -D switch, eg:
     60  f800 ????						; dasm.exe code.asm -DTIA_BASE_ADDRESS=$40 -f3 -v5 -ocode.bin
     61  f800 ????						; *OR* by declaring the label before including this file, eg:
     62  f800 ????						; TIA_BASE_ADDRESS = $40
     63  f800 ????						;   include "vcs.h"
     64  f800 ????
     65  f800 ????						; Alternate read/write address capability - allows for some disassembly compatibility
     66  f800 ????						; usage ; to allow reassembly to binary perfect copies).  This is essentially catering
     67  f800 ????						; for the mirrored ROM hardware registers.
     68  f800 ????
     69  f800 ????						; Usage: As per above, define the TIA_BASE_READ_ADDRESS and/or TIA_BASE_WRITE_ADDRESS
     70  f800 ????						; using the -D command-line switch, as required.  If the addresses are not defined, 
     71  f800 ????						; they defaut to the TIA_BASE_ADDRESS.
     72  f800 ????
     73  f800 ????			  -	      IFNCONST	TIA_BASE_READ_ADDRESS
     74  f800 ????			  -TIA_BASE_READ_ADDRESS =	TIA_BASE_ADDRESS
     75  f800 ????				      ENDIF
     76  f800 ????
     77  f800 ????			  -	      IFNCONST	TIA_BASE_WRITE_ADDRESS
     78  f800 ????			  -TIA_BASE_WRITE_ADDRESS =	TIA_BASE_ADDRESS
     79  f800 ????				      ENDIF
     80  f800 ????
     81  f800 ????						;-------------------------------------------------------------------------------
     82  f800 ????
     83 U002d ????				      SEG.U	TIA_REGISTERS_WRITE
     84 U0000					      ORG	TIA_BASE_WRITE_ADDRESS
     85 U0000
     86 U0000							; DO NOT CHANGE THE RELATIVE ORDERING OF REGISTERS!
     87 U0000
     88 U0000		       00	   VSYNC      ds	1	; $00	 0000 00x0   Vertical Sync Set-Clear
     89 U0001		       00	   VBLANK     ds	1	; $01	 xx00 00x0   Vertical Blank Set-Clear
     90 U0002		       00	   WSYNC      ds	1	; $02	 ---- ----   Wait for Horizontal Blank
     91 U0003		       00	   RSYNC      ds	1	; $03	 ---- ----   Reset Horizontal Sync Counter
     92 U0004		       00	   NUSIZ0     ds	1	; $04	 00xx 0xxx   Number-Size player/missle 0
     93 U0005		       00	   NUSIZ1     ds	1	; $05	 00xx 0xxx   Number-Size player/missle 1
     94 U0006		       00	   COLUP0     ds	1	; $06	 xxxx xxx0   Color-Luminance Player 0
     95 U0007		       00	   COLUP1     ds	1	; $07	 xxxx xxx0   Color-Luminance Player 1
     96 U0008		       00	   COLUPF     ds	1	; $08	 xxxx xxx0   Color-Luminance Playfield
     97 U0009		       00	   COLUBK     ds	1	; $09	 xxxx xxx0   Color-Luminance Background
     98 U000a		       00	   CTRLPF     ds	1	; $0A	 00xx 0xxx   Control Playfield, Ball, Collisions
     99 U000b		       00	   REFP0      ds	1	; $0B	 0000 x000   Reflection Player 0
    100 U000c		       00	   REFP1      ds	1	; $0C	 0000 x000   Reflection Player 1
    101 U000d		       00	   PF0	      ds	1	; $0D	 xxxx 0000   Playfield Register Byte 0
    102 U000e		       00	   PF1	      ds	1	; $0E	 xxxx xxxx   Playfield Register Byte 1
    103 U000f		       00	   PF2	      ds	1	; $0F	 xxxx xxxx   Playfield Register Byte 2
    104 U0010		       00	   RESP0      ds	1	; $10	 ---- ----   Reset Player 0
    105 U0011		       00	   RESP1      ds	1	; $11	 ---- ----   Reset Player 1
    106 U0012		       00	   RESM0      ds	1	; $12	 ---- ----   Reset Missle 0
    107 U0013		       00	   RESM1      ds	1	; $13	 ---- ----   Reset Missle 1
    108 U0014		       00	   RESBL      ds	1	; $14	 ---- ----   Reset Ball
    109 U0015		       00	   AUDC0      ds	1	; $15	 0000 xxxx   Audio Control 0
    110 U0016		       00	   AUDC1      ds	1	; $16	 0000 xxxx   Audio Control 1
    111 U0017		       00	   AUDF0      ds	1	; $17	 000x xxxx   Audio Frequency 0
    112 U0018		       00	   AUDF1      ds	1	; $18	 000x xxxx   Audio Frequency 1
    113 U0019		       00	   AUDV0      ds	1	; $19	 0000 xxxx   Audio Volume 0
    114 U001a		       00	   AUDV1      ds	1	; $1A	 0000 xxxx   Audio Volume 1
    115 U001b		       00	   GRP0       ds	1	; $1B	 xxxx xxxx   Graphics Register Player 0
    116 U001c		       00	   GRP1       ds	1	; $1C	 xxxx xxxx   Graphics Register Player 1
    117 U001d		       00	   ENAM0      ds	1	; $1D	 0000 00x0   Graphics Enable Missle 0
    118 U001e		       00	   ENAM1      ds	1	; $1E	 0000 00x0   Graphics Enable Missle 1
    119 U001f		       00	   ENABL      ds	1	; $1F	 0000 00x0   Graphics Enable Ball
    120 U0020		       00	   HMP0       ds	1	; $20	 xxxx 0000   Horizontal Motion Player 0
    121 U0021		       00	   HMP1       ds	1	; $21	 xxxx 0000   Horizontal Motion Player 1
    122 U0022		       00	   HMM0       ds	1	; $22	 xxxx 0000   Horizontal Motion Missle 0
    123 U0023		       00	   HMM1       ds	1	; $23	 xxxx 0000   Horizontal Motion Missle 1
    124 U0024		       00	   HMBL       ds	1	; $24	 xxxx 0000   Horizontal Motion Ball
    125 U0025		       00	   VDELP0     ds	1	; $25	 0000 000x   Vertical Delay Player 0
    126 U0026		       00	   VDELP1     ds	1	; $26	 0000 000x   Vertical Delay Player 1
    127 U0027		       00	   VDELBL     ds	1	; $27	 0000 000x   Vertical Delay Ball
    128 U0028		       00	   RESMP0     ds	1	; $28	 0000 00x0   Reset Missle 0 to Player 0
    129 U0029		       00	   RESMP1     ds	1	; $29	 0000 00x0   Reset Missle 1 to Player 1
    130 U002a		       00	   HMOVE      ds	1	; $2A	 ---- ----   Apply Horizontal Motion
    131 U002b		       00	   HMCLR      ds	1	; $2B	 ---- ----   Clear Horizontal Move Registers
    132 U002c		       00	   CXCLR      ds	1	; $2C	 ---- ----   Clear Collision Latches
    133 U002d
    134 U002d							;-------------------------------------------------------------------------------
    135 U002d
    136 U000e ????				      SEG.U	TIA_REGISTERS_READ
    137 U0000					      ORG	TIA_BASE_READ_ADDRESS
    138 U0000
    139 U0000							;											bit 7	 bit 6
    140 U0000		       00	   CXM0P      ds	1	; $00	     xx00 0000	     Read Collision  M0-P1   M0-P0
    141 U0001		       00	   CXM1P      ds	1	; $01	     xx00 0000			     M1-P0   M1-P1
    142 U0002		       00	   CXP0FB     ds	1	; $02	     xx00 0000			     P0-PF   P0-BL
    143 U0003		       00	   CXP1FB     ds	1	; $03	     xx00 0000			     P1-PF   P1-BL
    144 U0004		       00	   CXM0FB     ds	1	; $04	     xx00 0000			     M0-PF   M0-BL
    145 U0005		       00	   CXM1FB     ds	1	; $05	     xx00 0000			     M1-PF   M1-BL
    146 U0006		       00	   CXBLPF     ds	1	; $06	     x000 0000			     BL-PF   -----
    147 U0007		       00	   CXPPMM     ds	1	; $07	     xx00 0000			     P0-P1   M0-M1
    148 U0008		       00	   INPT0      ds	1	; $08	     x000 0000	     Read Pot Port 0
    149 U0009		       00	   INPT1      ds	1	; $09	     x000 0000	     Read Pot Port 1
    150 U000a		       00	   INPT2      ds	1	; $0A	     x000 0000	     Read Pot Port 2
    151 U000b		       00	   INPT3      ds	1	; $0B	     x000 0000	     Read Pot Port 3
    152 U000c		       00	   INPT4      ds	1	; $0C		x000 0000	 Read Input (Trigger) 0
    153 U000d		       00	   INPT5      ds	1	; $0D		x000 0000	 Read Input (Trigger) 1
    154 U000e
    155 U000e							;-------------------------------------------------------------------------------
    156 U000e
    157 U0298 ????				      SEG.U	RIOT
    158 U0280					      ORG	$280
    159 U0280
    160 U0280							; RIOT MEMORY MAP
    161 U0280
    162 U0280		       00	   SWCHA      ds	1	; $280      Port A data register for joysticks:
    163 U0281							;			Bits 4-7 for player 1.  Bits 0-3 for player 2.
    164 U0281
    165 U0281		       00	   SWACNT     ds	1	; $281      Port A data direction register (DDR)
    166 U0282		       00	   SWCHB      ds	1	; $282		Port B data (console switches)
    167 U0283		       00	   SWBCNT     ds	1	; $283      Port B DDR
    168 U0284		       00	   INTIM      ds	1	; $284		Timer output
    169 U0285
    170 U0285		       00	   TIMINT     ds	1	; $285
    171 U0286
    172 U0286							; Unused/undefined registers ($285-$294)
    173 U0286
    174 U0286		       00		      ds	1	; $286
    175 U0287		       00		      ds	1	; $287
    176 U0288		       00		      ds	1	; $288
    177 U0289		       00		      ds	1	; $289
    178 U028a		       00		      ds	1	; $28A
    179 U028b		       00		      ds	1	; $28B
    180 U028c		       00		      ds	1	; $28C
    181 U028d		       00		      ds	1	; $28D
    182 U028e		       00		      ds	1	; $28E
    183 U028f		       00		      ds	1	; $28F
    184 U0290		       00		      ds	1	; $290
    185 U0291		       00		      ds	1	; $291
    186 U0292		       00		      ds	1	; $292
    187 U0293		       00		      ds	1	; $293
    188 U0294
    189 U0294		       00	   TIM1T      ds	1	; $294		set 1 clock interval
    190 U0295		       00	   TIM8T      ds	1	; $295      set 8 clock interval
    191 U0296		       00	   TIM64T     ds	1	; $296      set 64 clock interval
    192 U0297		       00	   T1024T     ds	1	; $297      set 1024 clock interval
    193 U0298
    194 U0298							;-------------------------------------------------------------------------------
    195 U0298							; The following required for back-compatibility with code which does not use
    196 U0298							; segments.
    197 U0298
    198  0000 ????				      SEG
    199  0000 ????
    200  0000 ????						; EOF
------- FILE Pong2600.asm
------- FILE macro.h LEVEL 2 PASS 2
      0  0000 ????				      include	"macro.h"
      1  0000 ????						; MACRO.H
      2  0000 ????						; Version 1.06, 3/SEPTEMBER/2004
      3  0000 ????
      4  0000 ????	       00 6a	   VERSION_MACRO =	106
      5  0000 ????
      6  0000 ????						;
      7  0000 ????						; THIS FILE IS EXPLICITLY SUPPORTED AS A DASM-PREFERRED COMPANION FILE
      8  0000 ????						; PLEASE DO *NOT* REDISTRIBUTE MODIFIED VERSIONS OF THIS FILE!
      9  0000 ????						;
     10  0000 ????						; This file defines DASM macros useful for development for the Atari 2600.
     11  0000 ????						; It is distributed as a companion machine-specific support package
     12  0000 ????						; for the DASM compiler. Updates to this file, DASM, and associated tools are
     13  0000 ????						; available at at http://www.atari2600.org/dasm
     14  0000 ????						;
     15  0000 ????						; Many thanks to the people who have contributed.  If you take issue with the
     16  0000 ????						; contents, or would like to add something, please write to me
     17  0000 ????						; (atari2600@taswegian.com) with your contribution.
     18  0000 ????						;
     19  0000 ????						; Latest Revisions...
     20  0000 ????						;
     21  0000 ????						; 1.06  03/SEP/2004	 - nice revision of VERTICAL_BLANK (Edwin Blink)
     22  0000 ????						; 1.05  14/NOV/2003	 - Added VERSION_MACRO equate (which will reflect 100x version #)
     23  0000 ????						;			   This will allow conditional code to verify MACRO.H being
     24  0000 ????						;			   used for code assembly.
     25  0000 ????						; 1.04  13/NOV/2003	 - SET_POINTER macro added (16-bit address load)
     26  0000 ????						;
     27  0000 ????						; 1.03  23/JUN/2003	 - CLEAN_START macro added - clears TIA, RAM, registers
     28  0000 ????						;
     29  0000 ????						; 1.02  14/JUN/2003	 - VERTICAL_SYNC macro added
     30  0000 ????						;			   (standardised macro for vertical synch code)
     31  0000 ????						; 1.01  22/MAR/2003	 - SLEEP macro added. 
     32  0000 ????						;			 - NO_ILLEGAL_OPCODES switch implemented
     33  0000 ????						; 1.0	22/MAR/2003		Initial release
     34  0000 ????
     35  0000 ????						; Note: These macros use illegal opcodes.  To disable illegal opcode usage, 
     36  0000 ????						;   define the symbol NO_ILLEGAL_OPCODES (-DNO_ILLEGAL_OPCODES=1 on command-line).
     37  0000 ????						;   If you do not allow illegal opcode usage, you must include this file 
     38  0000 ????						;   *after* including VCS.H (as the non-illegal opcodes access hardware
     39  0000 ????						;   registers and require them to be defined first).
     40  0000 ????
     41  0000 ????						; Available macros...
     42  0000 ????						;   SLEEP n		 - sleep for n cycles
     43  0000 ????						;   VERTICAL_SYNC	 - correct 3 scanline vertical synch code
     44  0000 ????						;   CLEAN_START	 - set machine to known state on startup
     45  0000 ????						;   SET_POINTER	 - load a 16-bit absolute to a 16-bit variable
     46  0000 ????
     47  0000 ????						;-------------------------------------------------------------------------------
     48  0000 ????						; SLEEP duration
     49  0000 ????						; Original author: Thomas Jentzsch
     50  0000 ????						; Inserts code which takes the specified number of cycles to execute.	This is
     51  0000 ????						; useful for code where precise timing is required.
     52  0000 ????						; ILLEGAL-OPCODE VERSION DOES NOT AFFECT FLAGS OR REGISTERS.
     53  0000 ????						; LEGAL OPCODE VERSION MAY AFFECT FLAGS
     54  0000 ????						; Uses illegal opcode (DASM 2.20.01 onwards).
     55  0000 ????
     56  0000 ????				      MAC	sleep
     57  0000 ????			   .CYCLES    SET	{1}
     58  0000 ????
     59  0000 ????				      IF	.CYCLES < 2
     60  0000 ????				      ECHO	"MACRO ERROR: 'SLEEP': Duration must be > 1"
     61  0000 ????				      ERR
     62  0000 ????				      ENDIF
     63  0000 ????
     64  0000 ????				      IF	.CYCLES & 1
     65  0000 ????				      IFNCONST	NO_ILLEGAL_OPCODES
     66  0000 ????				      nop	0
     67  0000 ????				      ELSE
     68  0000 ????				      bit	VSYNC
     69  0000 ????				      ENDIF
     70  0000 ????			   .CYCLES    SET	.CYCLES - 3
     71  0000 ????				      ENDIF
     72  0000 ????
     73  0000 ????				      REPEAT	.CYCLES / 2
     74  0000 ????				      nop
     75  0000 ????				      REPEND
     76  0000 ????				      ENDM		;usage: SLEEP n (n>1)
     77  0000 ????
     78  0000 ????						;-------------------------------------------------------------------------------
     79  0000 ????						; VERTICAL_SYNC
     80  0000 ????						; revised version by Edwin Blink -- saves bytes!
     81  0000 ????						; Inserts the code required for a proper 3 scanline vertical sync sequence
     82  0000 ????						; Note: Alters the accumulator
     83  0000 ????
     84  0000 ????						; OUT: A = 0
     85  0000 ????
     86  0000 ????				      MAC	vertical_sync
     87  0000 ????				      lda	#%1110	; each '1' bits generate a VSYNC ON line (bits 1..3)
     88  0000 ????			   .VSLP1     sta	WSYNC	; 1st '0' bit resets Vsync, 2nd '0' bit exit loop
     89  0000 ????				      sta	VSYNC
     90  0000 ????				      lsr
     91  0000 ????				      bne	.VSLP1	; branch until VYSNC has been reset
     92  0000 ????				      ENDM
     93  0000 ????
     94  0000 ????						;-------------------------------------------------------------------------------
     95  0000 ????						; CLEAN_START
     96  0000 ????						; Original author: Andrew Davie
     97  0000 ????						; Standardised start-up code, clears stack, all TIA registers and RAM to 0
     98  0000 ????						; Sets stack pointer to $FF, and all registers to 0
     99  0000 ????						; Sets decimal mode off, sets interrupt flag (kind of un-necessary)
    100  0000 ????						; Use as very first section of code on boot (ie: at reset)
    101  0000 ????						; Code written to minimise total ROM usage - uses weird 6502 knowledge :)
    102  0000 ????
    103  0000 ????				      MAC	clean_start
    104  0000 ????				      sei
    105  0000 ????				      cld
    106  0000 ????
    107  0000 ????				      ldx	#0
    108  0000 ????				      txa
    109  0000 ????				      tay
    110  0000 ????			   .CLEAR_STACK dex
    111  0000 ????				      txs
    112  0000 ????				      pha
    113  0000 ????				      bne	.CLEAR_STACK	; SP=$FF, X = A = Y = 0
    114  0000 ????
    115  0000 ????				      ENDM
    116  0000 ????
    117  0000 ????						;-------------------------------------------------------
    118  0000 ????						; SET_POINTER
    119  0000 ????						; Original author: Manuel Rotschkar
    120  0000 ????						;
    121  0000 ????						; Sets a 2 byte RAM pointer to an absolute address.
    122  0000 ????						;
    123  0000 ????						; Usage: SET_POINTER pointer, address
    124  0000 ????						; Example: SET_POINTER SpritePTR, SpriteData
    125  0000 ????						;
    126  0000 ????						; Note: Alters the accumulator, NZ flags
    127  0000 ????						; IN 1: 2 byte RAM location reserved for pointer
    128  0000 ????						; IN 2: absolute address
    129  0000 ????
    130  0000 ????				      MAC	set_pointer
    131  0000 ????			   .POINTER   SET	{1}
    132  0000 ????			   .ADDRESS   SET	{2}
    133  0000 ????
    134  0000 ????				      LDA	#<.ADDRESS	; Get Lowbyte of Address
    135  0000 ????				      STA	.POINTER	; Store in pointer
    136  0000 ????				      LDA	#>.ADDRESS	; Get Hibyte of Address
    137  0000 ????				      STA	.POINTER+1	; Store in pointer+1
    138  0000 ????
    139  0000 ????				      ENDM
    140  0000 ????
    141  0000 ????						;-------------------------------------------------------
    142  0000 ????						; BOUNDARY byte#
    143  0000 ????						; Original author: Denis Debro (borrowed from Bob Smith / Thomas)
    144  0000 ????						;
    145  0000 ????						; Push data to a certain position inside a page and keep count of how
    146  0000 ????						; many free bytes the programmer will have.
    147  0000 ????						;
    148  0000 ????						; eg: BOUNDARY 5    ; position at byte #5 in page
    149  0000 ????
    150  0000 ????			   .FREE_BYTES SET	0
    151  0000 ????				      MAC	boundary
    152  0000 ????				      REPEAT	256
    153  0000 ????				      IF	<. % {1} = 0
    154  0000 ????				      MEXIT
    155  0000 ????				      ELSE
    156  0000 ????			   .FREE_BYTES SET	.FREE_BYTES + 1
    157  0000 ????				      .byte	$00
    158  0000 ????				      ENDIF
    159  0000 ????				      REPEND
    160  0000 ????				      ENDM
    161  0000 ????
    162  0000 ????						;-------------------------------------------------------
    163  0000 ????						; SKIP_SCANLINES #lines
    164  0000 ????						;
    165  0000 ????						; Skip a given # of scanlines.
    166  0000 ????						; Sets the X register to zero.
    167  0000 ????
    168  0000 ????				      MAC	skip_scanlines
    169  0000 ????			   .LINES     SET	{1}
    170  0000 ????				      ldx	#.LINES
    171  0000 ????			   .vblank    sta	WSYNC
    172  0000 ????				      dex
    173  0000 ????				      bne	.vblank
    174  0000 ????				      ENDM
    175  0000 ????
    176  0000 ????						; EOF
------- FILE Pong2600.asm
------- FILE xmacro.h LEVEL 2 PASS 2
      0  0000 ????				      include	"xmacro.h"
      1  0000 ????
      2  0000 ????						;-------------------------------------------------------
      3  0000 ????						; Usage: TIMER_SETUP lines
      4  0000 ????						; where lines is the number of scanlines to skip (> 2).
      5  0000 ????						; The timer will be set so that it expires before this number
      6  0000 ????						; of scanlines. A WSYNC will be done first.
      7  0000 ????
      8  0000 ????				      MAC	timer_setup
      9  0000 ????			   .lines     SET	{1}
     10  0000 ????			   .cycles    SET	((.lines * 76) - 13)
     11  0000 ????						; special case for when we have two timer events in a line
     12  0000 ????						; and our 2nd event straddles the WSYNC boundary
     13  0000 ????				      if	(.cycles % 64) < 12
     14  0000 ????				      lda	#(.cycles / 64) - 1
     15  0000 ????				      sta	WSYNC
     16  0000 ????				      else
     17  0000 ????				      lda	#(.cycles / 64)
     18  0000 ????				      sta	WSYNC
     19  0000 ????				      endif
     20  0000 ????				      sta	TIM64T
     21  0000 ????				      ENDM
     22  0000 ????
     23  0000 ????						;-------------------------------------------------------
     24  0000 ????						; Use with TIMER_SETUP to wait for timer to complete.
     25  0000 ????						; Performs a WSYNC afterwards.
     26  0000 ????
     27  0000 ????				      MAC	timer_wait
     28  0000 ????			   .waittimer
     29  0000 ????				      lda	INTIM
     30  0000 ????				      bne	.waittimer
     31  0000 ????				      sta	WSYNC
     32  0000 ????				      ENDM
------- FILE Pong2600.asm
      5  0000 ????
      6  0000 ????	       00 21	   SpriteHeight equ	33
      7  0000 ????	       00 32	   SpriteHeightBig equ	50	; altura maior para big paddles
      8  0000 ????	       00 48	   ColorP0    equ	$48
      9  0000 ????	       00 a8	   ColorP1    equ	$a8
     10  0000 ????	       00 20	   ScoreToWin equ	$20
     11  0000 ????
     12  0000 ????						;;;;;;;;;;;;;;;;;;;;;;;;;;;;;;;;;;;;;;;;;;;;;;;;;;;;;;;;;;;;;;;
     13  0000 ????						; Variables segment
     14  0000 ????
     15 U00a0 ????				      seg.u	Variables
     16 U0080					      org	$80
     17 U0080
     18 U0080		       00	   Temp       .byte.b
     19 U0081
     20 U0081							; Game mode variable
     21 U0081		       00	   GameMode   .byte.b		; 0 = normal, 1 = fast ball, 2 = big paddles
     22 U0082		       00	   GameSelectDebounce .byte.b		; debounce for game select switch
     23 U0083		       00	   CurrentSpriteHeight .byte.b		; altura atual dos sprites
     24 U0084		       00 00	   CurrentSpritePtr .word.w		; ponteiro para o sprite atual (low byte, high byte)
     25 U0086
     26 U0086							; Horizontal position players 2 bytes
     27 U0086		       00	   HorizPosPlayer0 .byte.b
     28 U0087		       00	   HorizPosPlayer1 .byte.b
     29 U0088
     30 U0088							; Vertical position players 2 bytes
     31 U0088		       00	   PosPlayer0 .byte.b
     32 U0089		       00	   PosPlayer1 .byte.b
     33 U008a
     34 U008a							; For scoreboard 17 bytes
     35 U008a		       00	   Score0     .byte.b		; BCD score of player 0
     36 U008b		       00	   Score1     .byte.b		; BCD score of player 1
     37 U008c		       00 00 00 00*FontBuf    .ds	10	; 2x5 array of playfield bytes
     38 U0096		       00	   ColorScoreP0 .byte.b
     39 U0097		       00	   ColorScoreP1 .byte.b
     40 U0098		       00	   CountScoreFrame .byte.b
     41 U0099		       00	   ScoredPlayer0 .byte.b		; 0 scored player 0, 1 scored player 1
     42 U009a		       00	   PlayerWin  .byte.b
     43 U009b
     44 U009b							; Ball coordinates and direction 5 bytes
     45 U009b		       00	   BallPosX   .byte.b
     46 U009c		       00	   BallPosY   .byte.b
     47 U009d		       00	   BallDirection .byte.b		; Byte 7 y dir - bit 6 for x dir
     48 U009e		       00	   BallDirCounter .byte.b
     49 U009f		       00	   BallEnable .byte.b
     50 U00a0
     51 U00a0
     52 U00a0							;;;;;;;;;;;;;;;;;;;;;;;;;;;;;;;;;;;;;;;;;;;;;;;;;;;;;;;;;;;;;;;
     53 U00a0							; Code segment
     54 U00a0
     55  f800 ????				      seg	Code
     56  f000					      org	$f000
     57  f000
     58  f000
     59  f000							;;;;;;;;;;;;;;;;;;;;;;;;;;;;;;;;;;;;;;;;;;;;;;;;;;;;;;;;;;;;;;;
     60  f000							; Start and Initialization
     61  f000							;;;;;;;;;;;;;;;;;;;;;;;;;;;;;;;;;;;;;;;;;;;;;;;;;;;;;;;;;;;;;;;
     62  f000				   Start
      0  f000					      CLEAN_START
      1  f000		       78		      sei
      2  f001		       d8		      cld
      3  f002
      4  f002		       a2 00		      ldx	#0
      5  f004		       8a		      txa
      6  f005		       a8		      tay
      7  f006		       ca	   .CLEAR_STACK dex
      8  f007		       9a		      txs
      9  f008		       48		      pha
     10  f009		       d0 fb		      bne	.CLEAR_STACK
     11  f00b
     64  f00b		       a9 50		      lda	#80
     65  f00d		       85 88		      sta	PosPlayer0
     66  f00f		       a9 25		      lda	#37
     67  f011		       85 89		      sta	PosPlayer1
     68  f013
     69  f013							; Initialize horizontal positions
     70  f013		       a9 0a		      lda	#10
     71  f015		       85 86		      sta	HorizPosPlayer0
     72  f017		       a9 94		      lda	#148
     73  f019		       85 87		      sta	HorizPosPlayer1
     74  f01b
     75  f01b		       a9 00		      lda	#0
     76  f01d		       85 9d		      sta	BallDirection
     77  f01f		       85 9e		      sta	BallDirCounter
     78  f021		       85 99		      sta	ScoredPlayer0
     79  f023		       85 9a		      sta	PlayerWin
     80  f025		       85 81		      sta	GameMode
     81  f027		       85 82		      sta	GameSelectDebounce
     82  f029		       a9 21		      lda	#SpriteHeight
     83  f02b		       85 83		      sta	CurrentSpriteHeight
     84  f02d		       a9 35		      lda	#<PlayerSprite
     85  f02f		       85 84		      sta	CurrentSpritePtr
     86  f031		       a9 f7		      lda	#>PlayerSprite
     87  f033		       85 85		      sta	CurrentSpritePtr+1
     88  f035		       a9 00		      lda	#0
     89  f037		       85 98		      sta	CountScoreFrame
     90  f039
     91  f039		       a9 02		      lda	#%00000010
     92  f03b		       85 9f		      sta	BallEnable
     93  f03d
     94  f03d		       a9 48		      lda	#ColorP0
     95  f03f		       85 96		      sta	ColorScoreP0
     96  f041		       85 06		      sta	COLUP0
     97  f043		       a9 a8		      lda	#ColorP1
     98  f045		       85 97		      sta	ColorScoreP1
     99  f047		       85 07		      sta	COLUP1
    100  f049
    101  f049		       a9 10		      lda	#%00010000
    102  f04b		       85 04		      sta	NUSIZ0
    103  f04d
    104  f04d		       a9 32		      lda	#50
    105  f04f		       85 9b		      sta	BallPosX
    106  f051
    107  f051		       a9 8c		      lda	#140
    108  f053		       85 9c		      sta	BallPosY
    109  f055
    110  f055		       a9 02		      lda	#%00000010
    111  f057		       85 1f		      sta	ENABL
    112  f059
    113  f059		       a9 00		      lda	#0
    114  f05b		       85 19		      sta	AUDV0
    115  f05d		       a9 04		      lda	#4
    116  f05f		       85 15		      sta	AUDC0
    117  f061		       a9 05		      lda	#5
    118  f063		       85 17		      sta	AUDF0
    119  f065
    120  f065		       a9 01		      lda	#1
    121  f067		       85 26		      sta	VDELP1
    122  f069
    123  f069
    124  f069							;;;;;;;;;;;;;;;;;;;;;;;;;;;;;;;;;;;;;;;;;;;;;;;;;;;;;;;;;;;;;;;
    125  f069							; Game Loop
    126  f069							;;;;;;;;;;;;;;;;;;;;;;;;;;;;;;;;;;;;;;;;;;;;;;;;;;;;;;;;;;;;;;;
    127  f069				   NextFrame
    128  f069		       4e 82 02 	      lsr	SWCHB	; test Game Reset switch
    129  f06c		       90 92		      bcc	Start	; reset?
    130  f06e
    131  f06e							; Check Game Select switch
    132  f06e		       ad 82 02 	      lda	SWCHB
    133  f071		       29 02		      and	#%00000010	; test Game Select switch
    134  f073		       d0 1e		      bne	GameSelectNotPressed
    135  f075		       a5 82		      lda	GameSelectDebounce
    136  f077		       d0 1a		      bne	GameSelectNotPressed
    137  f079							; Game Select was pressed
    138  f079		       a9 0f		      lda	#15
    139  f07b		       85 82		      sta	GameSelectDebounce
    140  f07d		       e6 81		      inc	GameMode
    141  f07f		       a5 81		      lda	GameMode
    142  f081		       c9 03		      cmp	#3	; we have 3 modes (0, 1, 2)
    143  f083		       90 04		      bcc	GameSelectDone
    144  f085		       a9 00		      lda	#0
    145  f087		       85 81		      sta	GameMode
    146  f089				   GameSelectDone
    147  f089							; Visual feedback: change playfield color based on mode
    148  f089		       a6 81		      ldx	GameMode
    149  f08b		       bd 00 f7 	      lda	GameModeColors,x
    150  f08e		       85 08		      sta	COLUPF
    151  f090		       4c 93 f0 	      jmp	GameSelectNotPressed
    152  f093				   GameSelectNotPressed
    153  f093		       a5 82		      lda	GameSelectDebounce
    154  f095		       f0 02		      beq	NoDebounceDecrement
    155  f097		       c6 82		      dec	GameSelectDebounce
    156  f099				   NoDebounceDecrement
    157  f099
    158  f099							;;;;;;;;;;;;;;;;;;;;;;;;;;;;;
    159  f099							; 1 + 3 lines of VSYNC
      0  f099					      VERTICAL_SYNC
      1  f099		       a9 0e		      lda	#%1110
      2  f09b		       85 02	   .VSLP1     sta	WSYNC
      3  f09d		       85 00		      sta	VSYNC
      4  f09f		       4a		      lsr
      5  f0a0		       d0 f9		      bne	.VSLP1
    161  f0a2
    162  f0a2							;;;;;;;;;;;;;;;;;;;;;;;;;;;;;
    163  f0a2							; 37 lines of underscan
      0  f0a2					      TIMER_SETUP	37
      1  f0a2				   .lines     SET	37
      2  f0a2				   .cycles    SET	((.lines * 76) - 13)
      3  f0a2
      4  f0a2
      5  f0a2				  -	      if	(.cycles % 64) < 12
      6  f0a2				  -	      lda	#(.cycles / 64) - 1
      7  f0a2				  -	      sta	WSYNC
      8  f0a2					      else
      9  f0a2		       a9 2b		      lda	#(.cycles / 64)
     10  f0a4		       85 02		      sta	WSYNC
     11  f0a6					      endif
     12  f0a6		       8d 96 02 	      sta	TIM64T
    165  f0a9
    166  f0a9		       a9 00		      lda	#0
    167  f0ab		       85 19		      sta	AUDV0
    168  f0ad
    169  f0ad		       a9 01		      lda	#%0000001
    170  f0af		       85 0a		      sta	CTRLPF
    171  f0b1
    172  f0b1		       a9 c2		      lda	#$C2
    173  f0b3		       85 08		      sta	COLUPF
    174  f0b5
    175  f0b5		       a5 8a		      lda	Score0
    176  f0b7		       a2 00		      ldx	#0
    177  f0b9		       20 c8 f3 	      jsr	GetBCDBitmap
    178  f0bc		       a5 8b		      lda	Score1
    179  f0be		       a2 05		      ldx	#5
    180  f0c0		       20 c8 f3 	      jsr	GetBCDBitmap
    181  f0c3
    182  f0c3
    183  f0c3		       a5 9b		      lda	BallPosX
    184  f0c5		       a2 04		      ldx	#4
    185  f0c7		       20 88 f7 	      jsr	SetHorizPos
    186  f0ca
    187  f0ca							; Set horizontal position player 0 (using variable)
    188  f0ca		       a2 00		      ldx	#0
    189  f0cc		       a5 86		      lda	HorizPosPlayer0
    190  f0ce		       20 88 f7 	      jsr	SetHorizPos
    191  f0d1							; Set horizontal position player 1 (using variable)
    192  f0d1		       a2 01		      ldx	#1
    193  f0d3		       a5 87		      lda	HorizPosPlayer1
    194  f0d5		       20 88 f7 	      jsr	SetHorizPos
    195  f0d8
    196  f0d8		       85 02		      sta	WSYNC
    197  f0da		       85 2a		      sta	HMOVE
    198  f0dc
      0  f0dc					      TIMER_WAIT
      1  f0dc				   .waittimer
      2  f0dc		       ad 84 02 	      lda	INTIM
      3  f0df		       d0 fb		      bne	.waittimer
      4  f0e1		       85 02		      sta	WSYNC
    200  f0e3
    201  f0e3							;;;;;;;;;;;;;;;;;;;;;;;;;;;;;
    202  f0e3							; 192 lines of frame
    203  f0e3
    204  f0e3							; First part playfield
    205  f0e3
    206  f0e3
    207  f0e3							; First, we'll draw the scoreboard.
    208  f0e3							; Put the playfield into score mode (bit 2) which gives
    209  f0e3							; two different colors for the left/right side of
    210  f0e3							; the playfield (given by COLUP0 and COLUP1).
    211  f0e3
    212  f0e3							; Now we draw all four digits.
    213  f0e3
    214  f0e3		       a9 01		      lda	#%0000001
    215  f0e5		       85 0a		      sta	CTRLPF
    216  f0e7
    217  f0e7		       a9 ff		      lda	#%11111111
    218  f0e9		       85 0e		      sta	PF1
    219  f0eb		       85 0f		      sta	PF2
    220  f0ed
    221  f0ed		       a9 cf		      lda	#%11001111
    222  f0ef		       85 0d		      sta	PF0
    223  f0f1		       85 02		      sta	WSYNC
    224  f0f3		       a9 ef		      lda	#%11101111
    225  f0f5		       85 0d		      sta	PF0
    226  f0f7		       85 02		      sta	WSYNC
    227  f0f9
    228  f0f9		       a9 ff		      lda	#%11111111
    229  f0fb		       85 0d		      sta	PF0
    230  f0fd
    231  f0fd					      REPEAT	4
    232  f0fd		       85 02		      sta	WSYNC
    231  f0fd					      REPEND
    232  f0ff		       85 02		      sta	WSYNC
    231  f0ff					      REPEND
    232  f101		       85 02		      sta	WSYNC
    231  f101					      REPEND
    232  f103		       85 02		      sta	WSYNC
    233  f105					      REPEND
    234  f105
    235  f105		       a0 00		      ldy	#0	; Y will contain the frame Y coordinate
    236  f107		       84 0d		      sty	PF0
    237  f109		       84 0e		      sty	PF1
    238  f10b		       84 0f		      sty	PF2
    239  f10d		       a9 12		      lda	#%00010010	; score mode + 2 pixel ball
    240  f10f		       85 0a		      sta	CTRLPF
    241  f111		       a5 96		      lda	ColorScoreP0
    242  f113		       85 06		      sta	COLUP0	; set color for left
    243  f115		       a5 97		      lda	ColorScoreP1
    244  f117		       85 07		      sta	COLUP1	; set color for right
    245  f119		       85 02		      sta	WSYNC
    246  f11b				   ScanLoop1a
    247  f11b		       85 02		      sta	WSYNC
    248  f11d		       98		      tya
    249  f11e		       4a		      lsr		; divide Y by two for double-height lines
    250  f11f		       aa		      tax		; -> X
    251  f120		       b5 8c		      lda	FontBuf+0,x
    252  f122		       85 0e		      sta	PF1	; set left score bitmap
      0  f124					      SLEEP	24
      1  f124				   .CYCLES    SET	24
      2  f124
      3  f124				  -	      IF	.CYCLES < 2
      4  f124				  -	      ECHO	"MACRO ERROR: 'SLEEP': Duration must be > 1"
      5  f124				  -	      ERR
      6  f124					      ENDIF
      7  f124
      8  f124				  -	      IF	.CYCLES & 1
      9  f124				  -	      IFNCONST	NO_ILLEGAL_OPCODES
     10  f124				  -	      nop	0
     11  f124				  -	      ELSE
     12  f124				  -	      bit	VSYNC
     13  f124				  -	      ENDIF
     14  f124				  -.CYCLES    SET	.CYCLES - 3
     15  f124					      ENDIF
     16  f124
     17  f124					      REPEAT	.CYCLES / 2
     18  f124		       ea		      nop
     17  f124					      REPEND
     18  f125		       ea		      nop
     17  f125					      REPEND
     18  f126		       ea		      nop
     17  f126					      REPEND
     18  f127		       ea		      nop
     17  f127					      REPEND
     18  f128		       ea		      nop
     17  f128					      REPEND
     18  f129		       ea		      nop
     17  f129					      REPEND
     18  f12a		       ea		      nop
     17  f12a					      REPEND
     18  f12b		       ea		      nop
     17  f12b					      REPEND
     18  f12c		       ea		      nop
     17  f12c					      REPEND
     18  f12d		       ea		      nop
     17  f12d					      REPEND
     18  f12e		       ea		      nop
     17  f12e					      REPEND
     18  f12f		       ea		      nop
     19  f130					      REPEND
    254  f130		       b5 91		      lda	FontBuf+5,x
    255  f132		       85 0e		      sta	PF1	; set right score bitmap
    256  f134		       c8		      iny
    257  f135		       c0 0a		      cpy	#10
    258  f137		       90 e2		      bcc	ScanLoop1a
    259  f139
    260  f139
      0  f139					      TIMER_SETUP	9
      1  f139				   .lines     SET	9
      2  f139				   .cycles    SET	((.lines * 76) - 13)
      3  f139
      4  f139
      5  f139				  -	      if	(.cycles % 64) < 12
      6  f139				  -	      lda	#(.cycles / 64) - 1
      7  f139				  -	      sta	WSYNC
      8  f139					      else
      9  f139		       a9 0a		      lda	#(.cycles / 64)
     10  f13b		       85 02		      sta	WSYNC
     11  f13d					      endif
     12  f13d		       8d 96 02 	      sta	TIM64T
    262  f140
    263  f140		       a9 00		      lda	#0	; Y will contain the frame Y coordinate
    264  f142		       85 0d		      sta	PF0
    265  f144		       85 0e		      sta	PF1
    266  f146		       85 0f		      sta	PF2
    267  f148
    268  f148		       85 02		      sta	WSYNC
    269  f14a		       85 02		      sta	WSYNC
    270  f14c
    271  f14c		       a9 11		      lda	#%00010001
    272  f14e		       85 0a		      sta	CTRLPF
    273  f150		       a9 c2		      lda	#$C2
    274  f152		       85 08		      sta	COLUPF
    275  f154		       a9 ff		      lda	#%11111111
    276  f156		       85 0d		      sta	PF0
    277  f158		       85 0e		      sta	PF1
    278  f15a		       85 0f		      sta	PF2
    279  f15c
    280  f15c		       a5 9a		      lda	PlayerWin
    281  f15e		       d0 39		      bne	Finished
    282  f160
    283  f160							; Set sprite size and colors based on game mode
    284  f160		       a5 81		      lda	GameMode
    285  f162		       c9 02		      cmp	#2
    286  f164		       d0 17		      bne	NormalSizeInGame
    287  f166							; Mode 2: Big paddles (altura aumentada e sprite diferente)
    288  f166		       a9 32		      lda	#SpriteHeightBig
    289  f168		       85 83		      sta	CurrentSpriteHeight
    290  f16a		       a9 56		      lda	#<PlayerSpriteBig
    291  f16c		       85 84		      sta	CurrentSpritePtr
    292  f16e		       a9 f7		      lda	#>PlayerSpriteBig
    293  f170		       85 85		      sta	CurrentSpritePtr+1
    294  f172		       a9 10		      lda	#%00010000	; normal width with 2 pixel ball
    295  f174		       85 04		      sta	NUSIZ0
    296  f176		       a9 00		      lda	#%00000000
    297  f178		       85 05		      sta	NUSIZ1
    298  f17a		       4c 91 f1 	      jmp	SizeDoneInGame
    299  f17d				   NormalSizeInGame
    300  f17d		       a9 21		      lda	#SpriteHeight
    301  f17f		       85 83		      sta	CurrentSpriteHeight
    302  f181		       a9 35		      lda	#<PlayerSprite
    303  f183		       85 84		      sta	CurrentSpritePtr
    304  f185		       a9 f7		      lda	#>PlayerSprite
    305  f187		       85 85		      sta	CurrentSpritePtr+1
    306  f189		       a9 10		      lda	#%00010000	; normal size with 2 pixel ball
    307  f18b		       85 04		      sta	NUSIZ0
    308  f18d		       a9 00		      lda	#%00000000
    309  f18f		       85 05		      sta	NUSIZ1
    310  f191				   SizeDoneInGame
    311  f191
    312  f191		       a9 48		      lda	#ColorP0
    313  f193		       85 06		      sta	COLUP0	; set color for left
    314  f195		       a9 a8		      lda	#ColorP1
    315  f197		       85 07		      sta	COLUP1	; set color for right
    316  f199
    317  f199				   Finished
    318  f199
      0  f199					      TIMER_WAIT
      1  f199				   .waittimer
      2  f199		       ad 84 02 	      lda	INTIM
      3  f19c		       d0 fb		      bne	.waittimer
      4  f19e		       85 02		      sta	WSYNC
    320  f1a0
    321  f1a0
    322  f1a0							; Section game field
    323  f1a0		       a2 9c		      ldx	#160-4
    324  f1a2
    325  f1a2		       a9 0e		      lda	#$0E
    326  f1a4		       85 08		      sta	COLUPF
    327  f1a6
    328  f1a6		       a9 00		      lda	#0
    329  f1a8		       85 0e		      sta	PF1
    330  f1aa		       a9 10		      lda	#%00010000
    331  f1ac		       85 0d		      sta	PF0
    332  f1ae		       a9 80		      lda	#%10000000
    333  f1b0		       85 0f		      sta	PF2
    334  f1b2		       85 02		      sta	WSYNC
    335  f1b4				   Loop
    336  f1b4
    337  f1b4							; Draw ball
    338  f1b4		       85 02		      STA	WSYNC
    339  f1b6
    340  f1b6		       8a		      txa		; X -> A
    341  f1b7		       a0 00		      ldy	#%00000000
    342  f1b9		       38		      sec		; set carry for subtract
    343  f1ba		       e5 9c		      sbc	BallPosY	; local coordinate
    344  f1bc		       c9 04		      cmp	#4	; in sprite?
    345  f1be		       b0 02		      bcs	SetBall	; yes, skip over next
    346  f1c0		       a4 9f		      ldy	BallEnable	; lookup frame data
    347  f1c2				   SetBall
    348  f1c2		       84 1f		      sty	ENABL	; store bitmap
    349  f1c4
    350  f1c4							; Draw Sprites
    351  f1c4
    352  f1c4							; Sprite 1
    353  f1c4		       8a		      txa		; X -> A
    354  f1c5		       38		      sec		; set carry for subtract
    355  f1c6		       e5 89		      sbc	PosPlayer1	; local coordinate
    356  f1c8		       c5 83		      cmp	CurrentSpriteHeight	; in sprite? (usa altura dinâmica)
    357  f1ca		       90 02		      bcc	InSprite1	; yes, skip over next
    358  f1cc		       a9 00		      lda	#0	; not in sprite, load 0
    359  f1ce				   InSprite1
    360  f1ce		       a8		      tay		; local coord -> Y
    361  f1cf		       b1 84		      lda	(CurrentSpritePtr),y	; lookup frame data usando ponteiro
    362  f1d1		       85 1c		      sta	GRP1	; store bitmap
    363  f1d3
    364  f1d3							; Sprite 0
    365  f1d3		       8a		      txa		; X -> A
    366  f1d4		       38		      sec		; set carry for subtract
    367  f1d5		       e5 88		      sbc	PosPlayer0	; local coordinate
    368  f1d7		       c5 83		      cmp	CurrentSpriteHeight	; in sprite? (usa altura dinâmica)
    369  f1d9		       90 02		      bcc	InSprite0	; yes, skip over next
    370  f1db		       a9 00		      lda	#0	; not in sprite, load 0
    371  f1dd				   InSprite0
    372  f1dd		       a8		      tay		; local coord -> Y
    373  f1de		       b1 84		      lda	(CurrentSpritePtr),y	; lookup frame data usando ponteiro
    374  f1e0		       85 1b		      sta	GRP0	; store bitmap
    375  f1e2
    376  f1e2		       ca		      dex
    377  f1e3		       d0 cf		      bne	Loop
    378  f1e5
    379  f1e5
    380  f1e5							; Lower part of the playfield
    381  f1e5		       a9 c2		      lda	#$C2
    382  f1e7		       85 08		      sta	COLUPF
    383  f1e9
    384  f1e9		       a9 ff		      lda	#%11111111
    385  f1eb		       85 0e		      sta	PF1
    386  f1ed		       85 0d		      sta	PF0
    387  f1ef		       85 0f		      sta	PF2
    388  f1f1
    389  f1f1					      REPEAT	5
    390  f1f1		       85 02		      sta	WSYNC
    389  f1f1					      REPEND
    390  f1f3		       85 02		      sta	WSYNC
    389  f1f3					      REPEND
    390  f1f5		       85 02		      sta	WSYNC
    389  f1f5					      REPEND
    390  f1f7		       85 02		      sta	WSYNC
    389  f1f7					      REPEND
    390  f1f9		       85 02		      sta	WSYNC
    391  f1fb					      REPEND
    392  f1fb
    393  f1fb		       a9 ef		      lda	#%11101111
    394  f1fd		       85 0d		      sta	PF0
    395  f1ff		       85 02		      sta	WSYNC
    396  f201		       a9 cf		      lda	#%11001111
    397  f203		       85 0d		      sta	PF0
    398  f205		       85 02		      sta	WSYNC
    399  f207
    400  f207
    401  f207							; Clear playfield
    402  f207		       a9 00		      lda	#0
    403  f209		       85 0d		      sta	PF0
    404  f20b		       85 0e		      sta	PF1
    405  f20d		       85 0f		      sta	PF2
    406  f20f
    407  f20f		       85 02		      sta	WSYNC
    408  f211		       85 02		      sta	WSYNC
    409  f213
    410  f213
    411  f213							; 29 lines of overscan
      0  f213					      TIMER_SETUP	29
      1  f213				   .lines     SET	29
      2  f213				   .cycles    SET	((.lines * 76) - 13)
      3  f213
      4  f213
      5  f213				  -	      if	(.cycles % 64) < 12
      6  f213				  -	      lda	#(.cycles / 64) - 1
      7  f213				  -	      sta	WSYNC
      8  f213					      else
      9  f213		       a9 22		      lda	#(.cycles / 64)
     10  f215		       85 02		      sta	WSYNC
     11  f217					      endif
     12  f217		       8d 96 02 	      sta	TIM64T
    413  f21a
    414  f21a
    415  f21a							; Checking collisions between ball and left/right limit
    416  f21a							; Also updating ball positiona and score if necessary
    417  f21a
    418  f21a		       f8		      sed
    419  f21b		       a5 9b		      lda	BallPosX
    420  f21d		       c9 9b		      cmp	#$9B	; Check if >= 155 (was hitting exactly 157)
    421  f21f		       90 28		      bcc	NoHitRightWall
    422  f221		       a9 00		      lda	#0
    423  f223		       85 99		      sta	ScoredPlayer0
    424  f225		       a5 8a		      lda	Score0
    425  f227		       c9 20		      cmp	#ScoreToWin
    426  f229		       d0 09		      bne	NotWonYet0
    427  f22b		       a9 01		      lda	#1
    428  f22d		       85 9a		      sta	PlayerWin
    429  f22f		       a9 a0		      lda	#160
    430  f231		       4c 36 f2 	      jmp	SetWin0
    431  f234				   NotWonYet0
    432  f234		       a9 14		      lda	#20
    433  f236				   SetWin0
    434  f236		       85 98		      sta	CountScoreFrame
    435  f238		       a9 64		      lda	#100
    436  f23a		       85 9b		      sta	BallPosX
    437  f23c		       a5 9d		      lda	BallDirection
    438  f23e		       49 40		      eor	#%01000000
    439  f240		       85 9d		      sta	BallDirection
    440  f242		       18		      clc
    441  f243		       a5 8a		      lda	Score0
    442  f245		       69 01		      adc	#1
    443  f247		       85 8a		      sta	Score0
    444  f249				   NoHitRightWall
    445  f249
    446  f249		       a5 9b		      lda	BallPosX
    447  f24b		       c9 0a		      cmp	#10	; Check if <= 10 (was hitting exactly 8)
    448  f24d		       b0 28		      bcs	NoHitLeftWall
    449  f24f		       a9 01		      lda	#1
    450  f251		       85 99		      sta	ScoredPlayer0
    451  f253		       a5 8b		      lda	Score1
    452  f255		       c9 20		      cmp	#ScoreToWin
    453  f257		       d0 09		      bne	NotWonYet1
    454  f259		       a9 01		      lda	#1
    455  f25b		       85 9a		      sta	PlayerWin
    456  f25d		       a9 a0		      lda	#160
    457  f25f		       4c 64 f2 	      jmp	SetWin1
    458  f262				   NotWonYet1
    459  f262		       a9 14		      lda	#20
    460  f264				   SetWin1
    461  f264		       85 98		      sta	CountScoreFrame
    462  f266		       a9 32		      lda	#50
    463  f268		       85 9b		      sta	BallPosX
    464  f26a		       a5 9d		      lda	BallDirection
    465  f26c		       49 40		      eor	#%01000000
    466  f26e		       85 9d		      sta	BallDirection
    467  f270		       18		      clc
    468  f271		       a5 8b		      lda	Score1
    469  f273		       69 01		      adc	#1
    470  f275		       85 8b		      sta	Score1
    471  f277				   NoHitLeftWall
    472  f277		       d8		      cld
    473  f278
    474  f278							; Handles players movement
    475  f278
    476  f278		       a5 98		      lda	CountScoreFrame
    477  f27a		       d0 7d		      bne	NoCheckMovement
    478  f27c
    479  f27c							; Checks ball movements
    480  f27c		       24 9d		      bit	BallDirection
    481  f27e		       50 0d		      bvc	DecX
    482  f280
    483  f280		       e6 9b		      inc	BallPosX
    484  f282							; Check game mode for fast ball (mode 1)
    485  f282		       a5 81		      lda	GameMode
    486  f284		       c9 01		      cmp	#1
    487  f286		       d0 0f		      bne	XDirection
    488  f288		       e6 9b		      inc	BallPosX	; move ball twice as fast in mode 1
    489  f28a		       4c 97 f2 	      jmp	XDirection
    490  f28d				   DecX
    491  f28d		       c6 9b		      dec	BallPosX
    492  f28f							; Check game mode for fast ball (mode 1)
    493  f28f		       a5 81		      lda	GameMode
    494  f291		       c9 01		      cmp	#1
    495  f293		       d0 02		      bne	XDirection
    496  f295		       c6 9b		      dec	BallPosX	; move ball twice as fast in mode 1
    497  f297				   XDirection
    498  f297
    499  f297
    500  f297		       24 9d		      bit	BallDirection
    501  f299		       10 05		      bpl	DecY
    502  f29b		       e6 9c		      inc	BallPosY
    503  f29d		       4c a2 f2 	      jmp	YDirection
    504  f2a0				   DecY
    505  f2a0		       c6 9c		      dec	BallPosY
    506  f2a2				   YDirection
    507  f2a2
    508  f2a2		       a9 02		      lda	#%00000010
    509  f2a4		       85 9f		      sta	BallEnable
    510  f2a6
    511  f2a6							; Player 0 movement (vertical and horizontal)
    512  f2a6		       ad 80 02 	      lda	SWCHA
    513  f2a9		       29 10		      and	#%00010000	; Down
    514  f2ab		       d0 04		      bne	NoMovP0Down
    515  f2ad		       e6 88		      inc	PosPlayer0
    516  f2af		       e6 88		      inc	PosPlayer0
    517  f2b1				   NoMovP0Down
    518  f2b1		       ad 80 02 	      lda	SWCHA
    519  f2b4		       29 20		      and	#%00100000	; Up
    520  f2b6		       d0 04		      bne	NoMovP0Up
    521  f2b8		       c6 88		      dec	PosPlayer0
    522  f2ba		       c6 88		      dec	PosPlayer0
    523  f2bc				   NoMovP0Up
    524  f2bc		       ad 80 02 	      lda	SWCHA
    525  f2bf		       29 40		      and	#%01000000	; Left
    526  f2c1		       d0 02		      bne	NoMovP0Left
    527  f2c3		       c6 86		      dec	HorizPosPlayer0
    528  f2c5				   NoMovP0Left
    529  f2c5		       ad 80 02 	      lda	SWCHA
    530  f2c8		       29 80		      and	#%10000000	; Right
    531  f2ca		       d0 02		      bne	NoMovP0Right
    532  f2cc		       e6 86		      inc	HorizPosPlayer0
    533  f2ce				   NoMovP0Right
    534  f2ce
    535  f2ce							; Player 1 movement (vertical and horizontal)
    536  f2ce		       ad 80 02 	      lda	SWCHA
    537  f2d1		       29 01		      and	#%00000001	; Down
    538  f2d3		       d0 04		      bne	NoMovP1Down
    539  f2d5		       e6 89		      inc	PosPlayer1
    540  f2d7		       e6 89		      inc	PosPlayer1
    541  f2d9				   NoMovP1Down
    542  f2d9		       ad 80 02 	      lda	SWCHA
    543  f2dc		       29 02		      and	#%00000010	; Up
    544  f2de		       d0 04		      bne	NoMovP1Up
    545  f2e0		       c6 89		      dec	PosPlayer1
    546  f2e2		       c6 89		      dec	PosPlayer1
    547  f2e4				   NoMovP1Up
    548  f2e4		       ad 80 02 	      lda	SWCHA
    549  f2e7		       29 04		      and	#%00000100	; Left
    550  f2e9		       d0 02		      bne	NoMovP1Left
    551  f2eb		       c6 87		      dec	HorizPosPlayer1
    552  f2ed				   NoMovP1Left
    553  f2ed		       ad 80 02 	      lda	SWCHA
    554  f2f0		       29 08		      and	#%00001000	; Right
    555  f2f2		       d0 02		      bne	NoMovP1Right
    556  f2f4		       e6 87		      inc	HorizPosPlayer1
    557  f2f6				   NoMovP1Right
    558  f2f6		       4c fd f2 	      jmp	CheckMovement
    559  f2f9
    560  f2f9				   NoCheckMovement
    561  f2f9		       a9 00		      lda	#%00000000
    562  f2fb		       85 9f		      sta	BallEnable
    563  f2fd				   CheckMovement
    564  f2fd
    565  f2fd							; Verifies that players do not move outside the vertical limits
    566  f2fd		       a5 89		      lda	PosPlayer1
    567  f2ff		       c9 02		      cmp	#2
    568  f301		       10 04		      bpl	P1VertOK1
    569  f303		       a9 02		      lda	#2
    570  f305		       85 89		      sta	PosPlayer1
    571  f307				   P1VertOK1
    572  f307		       a5 88		      lda	PosPlayer0
    573  f309		       c9 02		      cmp	#2
    574  f30b		       10 04		      bpl	P0VertOK1
    575  f30d		       a9 02		      lda	#2
    576  f30f		       85 88		      sta	PosPlayer0
    577  f311				   P0VertOK1
    578  f311
    579  f311		       a5 89		      lda	PosPlayer1
    580  f313		       c9 7c		      cmp	#$7C
    581  f315		       30 04		      bmi	P1VertOK2
    582  f317		       a9 7b		      lda	#$7B
    583  f319		       85 89		      sta	PosPlayer1
    584  f31b				   P1VertOK2
    585  f31b		       a5 88		      lda	PosPlayer0
    586  f31d		       c9 7c		      cmp	#$7C
    587  f31f		       30 04		      bmi	P0VertOK2
    588  f321		       a9 7b		      lda	#$7b
    589  f323		       85 88		      sta	PosPlayer0
    590  f325				   P0VertOK2
    591  f325
    592  f325							; Verifies that players do not move outside the horizontal limits
    593  f325							; Player 0 (left side): minimum 10, maximum 75 (middle of screen)
    594  f325		       a5 86		      lda	HorizPosPlayer0
    595  f327		       c9 0a		      cmp	#10
    596  f329		       10 04		      bpl	P0HorizOK1
    597  f32b		       a9 0a		      lda	#10
    598  f32d		       85 86		      sta	HorizPosPlayer0
    599  f32f				   P0HorizOK1
    600  f32f		       a5 86		      lda	HorizPosPlayer0
    601  f331		       c9 4b		      cmp	#75
    602  f333		       30 04		      bmi	P0HorizOK2
    603  f335		       a9 4b		      lda	#75
    604  f337		       85 86		      sta	HorizPosPlayer0
    605  f339				   P0HorizOK2
    606  f339
    607  f339							; Player 1 (right side): minimum 85 (middle of screen), maximum 148
    608  f339		       a5 87		      lda	HorizPosPlayer1
    609  f33b		       c9 55		      cmp	#85
    610  f33d		       10 04		      bpl	P1HorizOK1
    611  f33f		       a9 55		      lda	#85
    612  f341		       85 87		      sta	HorizPosPlayer1
    613  f343				   P1HorizOK1
    614  f343		       a5 87		      lda	HorizPosPlayer1
    615  f345		       c9 94		      cmp	#148
    616  f347		       30 04		      bmi	P1HorizOK2
    617  f349		       a9 94		      lda	#148
    618  f34b		       85 87		      sta	HorizPosPlayer1
    619  f34d				   P1HorizOK2
    620  f34d
    621  f34d							; Checking collisions between ball and players
    622  f34d
    623  f34d		       a5 9e		      lda	BallDirCounter
    624  f34f		       d0 27		      bne	DoNotCheckPlayerHitBall
    625  f351
    626  f351		       24 02		      bit	CXP0FB
    627  f353		       50 0e		      bvc	NoHitPlayer0
    628  f355		       a9 0a		      lda	#10
    629  f357		       85 9e		      sta	BallDirCounter
    630  f359		       a5 9d		      lda	BallDirection
    631  f35b		       49 40		      eor	#%01000000
    632  f35d		       85 9d		      sta	BallDirection
    633  f35f		       a9 0a		      lda	#10
    634  f361		       85 19		      sta	AUDV0
    635  f363				   NoHitPlayer0
    636  f363
    637  f363		       24 03		      bit	CXP1FB
    638  f365		       50 0e		      bvc	NoHitPlayer1
    639  f367		       a9 0a		      lda	#10
    640  f369		       85 9e		      sta	BallDirCounter
    641  f36b		       a5 9d		      lda	BallDirection
    642  f36d		       49 40		      eor	#%01000000
    643  f36f		       85 9d		      sta	BallDirection
    644  f371		       a9 06		      lda	#6
    645  f373		       85 19		      sta	AUDV0
    646  f375				   NoHitPlayer1
    647  f375		       4c 7a f3 	      jmp	NoBallCounterDec
    648  f378
    649  f378				   DoNotCheckPlayerHitBall
    650  f378		       c6 9e		      dec	BallDirCounter
    651  f37a				   NoBallCounterDec
    652  f37a
    653  f37a							; Reset collition status
    654  f37a		       85 2c		      sta	CXCLR
    655  f37c
    656  f37c
    657  f37c							; Checking collisions between ball and top/bottom wall
    658  f37c
    659  f37c		       a5 9c		      lda	BallPosY
    660  f37e		       c9 9a		      cmp	#154
    661  f380		       d0 0a		      bne	NoHitTopWall
    662  f382		       a5 9d		      lda	BallDirection
    663  f384		       49 80		      eor	#%10000000
    664  f386		       85 9d		      sta	BallDirection
    665  f388		       a9 06		      lda	#6
    666  f38a		       85 19		      sta	AUDV0
    667  f38c				   NoHitTopWall
    668  f38c
    669  f38c		       a5 9c		      lda	BallPosY
    670  f38e		       c9 02		      cmp	#2
    671  f390		       d0 0a		      bne	NoHitBottomWall
    672  f392		       a5 9d		      lda	BallDirection
    673  f394		       49 80		      eor	#%10000000
    674  f396		       85 9d		      sta	BallDirection
    675  f398		       a9 06		      lda	#6
    676  f39a		       85 19		      sta	AUDV0
    677  f39c				   NoHitBottomWall
    678  f39c
    679  f39c		       a5 98		      lda	CountScoreFrame
    680  f39e		       f0 10		      beq	NoActionScore
    681  f3a0		       c6 98		      dec	CountScoreFrame
    682  f3a2		       d0 07		      bne	NoCheckWin
    683  f3a4		       a5 9a		      lda	PlayerWin
    684  f3a6		       f0 03		      beq	NoCheckWin
    685  f3a8		       4c 00 f0 	      jmp	Start
    686  f3ab				   NoCheckWin
    687  f3ab		       a4 99		      ldy	ScoredPlayer0
    688  f3ad		       4c bb f3 	      jmp	SetScoreColor
    689  f3b0
    690  f3b0				   NoActionScore
    691  f3b0		       a9 48		      lda	#$48
    692  f3b2		       85 96		      sta	ColorScoreP0
    693  f3b4		       a9 a8		      lda	#$a8
    694  f3b6		       85 97		      sta	ColorScoreP1
    695  f3b8		       4c be f3 	      jmp	ScoreCheckCompleted
    696  f3bb				   SetScoreColor
    697  f3bb		       99 96 00 	      sta	ColorScoreP0,y
    698  f3be				   ScoreCheckCompleted
    699  f3be
      0  f3be					      TIMER_WAIT
      1  f3be				   .waittimer
      2  f3be		       ad 84 02 	      lda	INTIM
      3  f3c1		       d0 fb		      bne	.waittimer
      4  f3c3		       85 02		      sta	WSYNC
    701  f3c5
    702  f3c5							; total = 262 lines, go to next frame
    703  f3c5		       4c 69 f0 	      jmp	NextFrame
    704  f3c8
    705  f3c8
    706  f3c8							; Fetches bitmap data for two digits of a
    707  f3c8							; BCD-encoded number, storing it in addresses
    708  f3c8							; FontBuf+x to FontBuf+4+x.
    709  f3c8				   GetBCDBitmap subroutine
    710  f3c8							; First fetch the bytes for the 1st digit
    711  f3c8		       48		      pha		; save original BCD number
    712  f3c9		       29 0f		      and	#$0F	; mask out the least significant digit
    713  f3cb		       85 80		      sta	Temp
    714  f3cd		       0a		      asl
    715  f3ce		       0a		      asl
    716  f3cf		       65 80		      adc	Temp	; multiply by 5
    717  f3d1		       a8		      tay		; -> Y
    718  f3d2		       a9 05		      lda	#5
    719  f3d4		       85 80		      sta	Temp	; count down from 5
    720  f3d6				   .loop1
    721  f3d6		       b9 03 f7 	      lda	DigitsBitmap,y
    722  f3d9		       29 0f		      and	#$0F	; mask out leftmost digit
    723  f3db		       95 8c		      sta	FontBuf,x	; store leftmost digit
    724  f3dd		       c8		      iny
    725  f3de		       e8		      inx
    726  f3df		       c6 80		      dec	Temp
    727  f3e1		       d0 f3		      bne	.loop1
    728  f3e3							; Now do the 2nd digit
    729  f3e3		       68		      pla		; restore original BCD number
    730  f3e4		       4a		      lsr
    731  f3e5		       4a		      lsr
    732  f3e6		       4a		      lsr
    733  f3e7		       4a		      lsr		; shift right by 4 (in BCD, divide by 10)
    734  f3e8		       85 80		      sta	Temp
    735  f3ea		       0a		      asl
    736  f3eb		       0a		      asl
    737  f3ec		       65 80		      adc	Temp	; multiply by 5
    738  f3ee		       a8		      tay		; -> Y
    739  f3ef		       ca		      dex
    740  f3f0		       ca		      dex
    741  f3f1		       ca		      dex
    742  f3f2		       ca		      dex
    743  f3f3		       ca		      dex		; subtract 5 from X (reset to original)
    744  f3f4		       a9 05		      lda	#5
    745  f3f6		       85 80		      sta	Temp	; count down from 5
    746  f3f8				   .loop2
    747  f3f8		       b9 03 f7 	      lda	DigitsBitmap,y
    748  f3fb		       29 f0		      and	#$F0	; mask out leftmost digit
    749  f3fd		       15 8c		      ora	FontBuf,x	; combine left and right digits
    750  f3ff		       95 8c		      sta	FontBuf,x	; store combined digits
    751  f401		       c8		      iny
    752  f402		       e8		      inx
    753  f403		       c6 80		      dec	Temp
    754  f405		       d0 f1		      bne	.loop2
    755  f407		       60		      rts
    756  f408
    757  f700					      org	$F700
    758  f700
    759  f700							; Game mode colors for visual feedback
    760  f700				   GameModeColors
    761  f700		       c2		      .byte.b	$C2	; Mode 0: Normal - cyan
    762  f701		       46		      .byte.b	$46	; Mode 1: Fast ball - red
    763  f702		       d6		      .byte.b	$D6	; Mode 2: Big paddles - purple
    764  f703
    765  f703							; Bitmap pattern for digits
    766  f703				   DigitsBitmap 		;;{w:8,h:5,count:10,brev:1};;
    767  f703		       ee aa aa aa*	      .byte.b	$EE,$AA,$AA,$AA,$EE
    768  f708		       22 22 22 22*	      .byte.b	$22,$22,$22,$22,$22
    769  f70d		       ee 22 ee 88*	      .byte.b	$EE,$22,$EE,$88,$EE
    770  f712		       ee 22 66 22*	      .byte.b	$EE,$22,$66,$22,$EE
    771  f717		       aa aa ee 22*	      .byte.b	$AA,$AA,$EE,$22,$22
    772  f71c		       ee 88 ee 22*	      .byte.b	$EE,$88,$EE,$22,$EE
    773  f721		       ee 88 ee aa*	      .byte.b	$EE,$88,$EE,$AA,$EE
    774  f726		       ee 22 22 22*	      .byte.b	$EE,$22,$22,$22,$22
    775  f72b		       ee aa ee aa*	      .byte.b	$EE,$AA,$EE,$AA,$EE
    776  f730		       ee aa ee 22*	      .byte.b	$EE,$AA,$EE,$22,$EE
    777  f735
    778  f735							;---Graphics Data from PlayerPal 2600---
    779  f735
    780  f735							; Player graphics data - MODO NORMAL (33 linhas)
    781  f735				   PlayerSprite
    782  f735		       00		      .byte.b	#%00000000	;-- linha 0
    783  f736		       18		      .byte.b	#%00011000	;-- linha 1
    784  f737		       3c		      .byte.b	#%00111100	;-- linha 2
    785  f738		       3c		      .byte.b	#%00111100	;-- linha 3
    786  f739		       7e		      .byte.b	#%01111110	;-- linha 4
    787  f73a		       7e		      .byte.b	#%01111110	;-- linha 5
    788  f73b		       7e		      .byte.b	#%01111110	;-- linha 6
    789  f73c		       7e		      .byte.b	#%01111110	;-- linha 7
    790  f73d		       7e		      .byte.b	#%01111110	;-- linha 8
    791  f73e		       7e		      .byte.b	#%01111110	;-- linha 9
    792  f73f		       7e		      .byte.b	#%01111110	;-- linha 10
    793  f740		       7e		      .byte.b	#%01111110	;-- linha 11
    794  f741		       7e		      .byte.b	#%01111110	;-- linha 12
    795  f742		       7e		      .byte.b	#%01111110	;-- linha 13
    796  f743		       7e		      .byte.b	#%01111110	;-- linha 14
    797  f744		       7e		      .byte.b	#%01111110	;-- linha 15
    798  f745		       7e		      .byte.b	#%01111110	;-- linha 16
    799  f746		       7e		      .byte.b	#%01111110	;-- linha 17
    800  f747		       7e		      .byte.b	#%01111110	;-- linha 18
    801  f748		       7e		      .byte.b	#%01111110	;-- linha 19
    802  f749		       7e		      .byte.b	#%01111110	;-- linha 20
    803  f74a		       7e		      .byte.b	#%01111110	;-- linha 21
    804  f74b		       7e		      .byte.b	#%01111110	;-- linha 22
    805  f74c		       7e		      .byte.b	#%01111110	;-- linha 23
    806  f74d		       7e		      .byte.b	#%01111110	;-- linha 24
    807  f74e		       7e		      .byte.b	#%01111110	;-- linha 25
    808  f74f		       7e		      .byte.b	#%01111110	;-- linha 26
    809  f750		       7e		      .byte.b	#%01111110	;-- linha 27
    810  f751		       7e		      .byte.b	#%01111110	;-- linha 28
    811  f752		       7e		      .byte.b	#%01111110	;-- linha 29
    812  f753		       3c		      .byte.b	#%00111100	;-- linha 30
    813  f754		       3c		      .byte.b	#%00111100	;-- linha 31
    814  f755		       18		      .byte.b	#%00011000	;-- linha 32
    815  f756
    816  f756							; Player graphics data - MODO BIG PADDLES (50 linhas - sem afunilamento)
    817  f756				   PlayerSpriteBig
    818  f756		       00		      .byte.b	#%00000000	;-- linha 0
    819  f757		       18		      .byte.b	#%00011000	;-- linha 1
    820  f758		       3c		      .byte.b	#%00111100	;-- linha 2
    821  f759		       3c		      .byte.b	#%00111100	;-- linha 3
    822  f75a		       7e		      .byte.b	#%01111110	;-- linha 4
    823  f75b		       7e		      .byte.b	#%01111110	;-- linha 5
    824  f75c		       7e		      .byte.b	#%01111110	;-- linha 6
    825  f75d		       7e		      .byte.b	#%01111110	;-- linha 7
    826  f75e		       7e		      .byte.b	#%01111110	;-- linha 8
    827  f75f		       7e		      .byte.b	#%01111110	;-- linha 9
    828  f760		       7e		      .byte.b	#%01111110	;-- linha 10
    829  f761		       7e		      .byte.b	#%01111110	;-- linha 11
    830  f762		       7e		      .byte.b	#%01111110	;-- linha 12
    831  f763		       7e		      .byte.b	#%01111110	;-- linha 13
    832  f764		       7e		      .byte.b	#%01111110	;-- linha 14
    833  f765		       7e		      .byte.b	#%01111110	;-- linha 15
    834  f766		       7e		      .byte.b	#%01111110	;-- linha 16
    835  f767		       7e		      .byte.b	#%01111110	;-- linha 17
    836  f768		       7e		      .byte.b	#%01111110	;-- linha 18
    837  f769		       7e		      .byte.b	#%01111110	;-- linha 19
    838  f76a		       7e		      .byte.b	#%01111110	;-- linha 20
    839  f76b		       7e		      .byte.b	#%01111110	;-- linha 21
    840  f76c		       7e		      .byte.b	#%01111110	;-- linha 22
    841  f76d		       7e		      .byte.b	#%01111110	;-- linha 23
    842  f76e		       7e		      .byte.b	#%01111110	;-- linha 24
    843  f76f		       7e		      .byte.b	#%01111110	;-- linha 25
    844  f770		       7e		      .byte.b	#%01111110	;-- linha 26
    845  f771		       7e		      .byte.b	#%01111110	;-- linha 27
    846  f772		       7e		      .byte.b	#%01111110	;-- linha 28
    847  f773		       7e		      .byte.b	#%01111110	;-- linha 29
    848  f774		       7e		      .byte.b	#%01111110	;-- linha 30 (continua largo)
    849  f775		       7e		      .byte.b	#%01111110	;-- linha 31 (continua largo)
    850  f776		       7e		      .byte.b	#%01111110	;-- linha 32 (continua largo)
    851  f777		       7e		      .byte.b	#%01111110	;-- linha 33
    852  f778		       7e		      .byte.b	#%01111110	;-- linha 34
    853  f779		       7e		      .byte.b	#%01111110	;-- linha 35
    854  f77a		       7e		      .byte.b	#%01111110	;-- linha 36
    855  f77b		       7e		      .byte.b	#%01111110	;-- linha 37
    856  f77c		       7e		      .byte.b	#%01111110	;-- linha 38
    857  f77d		       7e		      .byte.b	#%01111110	;-- linha 39
    858  f77e		       7e		      .byte.b	#%01111110	;-- linha 40
    859  f77f		       7e		      .byte.b	#%01111110	;-- linha 41
    860  f780		       7e		      .byte.b	#%01111110	;-- linha 42
    861  f781		       7e		      .byte.b	#%01111110	;-- linha 43
    862  f782		       7e		      .byte.b	#%01111110	;-- linha 44
    863  f783		       7e		      .byte.b	#%01111110	;-- linha 45
    864  f784		       7e		      .byte.b	#%01111110	;-- linha 46
    865  f785		       7e		      .byte.b	#%01111110	;-- linha 47
    866  f786		       3c		      .byte.b	#%00111100	;-- linha 48
    867  f787		       18		      .byte.b	#%00011000	;-- linha 49
    868  f788
    869  f788
    870  f788							;;;;;;;;;;;;;;;;;;;;;;;;;;;;;;;;;;;;;;;;;;;;;;;;;;;;;;;;;;;;;;;;;;;;;
    871  f788							; SetHorizPos routine
    872  f788							; A = X coordinate
    873  f788							; X = player number (0 or 1)
    874  f788							;;;;;;;;;;;;;;;;;;;;;;;;;;;;;;;;;;;;;;;;;;;;;;;;;;;;;;;;;;;;;;;;;;;;;
    875  f788
    876  f788							; After this subroutine it is necessary to use
    877  f788							;
    878  f788							;	sta WSYNC
    879  f788							;	sta HMOVE
    880  f788							;
    881  f788							; to correctly set the parameters
    882  f788							; Then better to set (after waitin 26 cpu cycles)
    883  f788							;
    884  f788							;	sta HMCLR
    885  f788							;
    886  f788							; so next sta HMOVE will not impact the position
    887  f788
    888  f788							; Everything should be in the same page
    889  f788							; otherwise the timing is not correct
    890  f788
    891  f788							; The entire routine is positioned in memory at the end just to
    892  f788							; assure that the branch is not moving to a different page
    893  f788							; Total size of the routine 18 bytes.
    894  f788
    895  f788				   SetHorizPos SUBROUTINE
    896  f788		       38		      sec		; set carry flag
    897  f789		       85 02		      sta	WSYNC	; start a new line
    898  f78b				   .DivideLoop
    899  f78b		       e9 0f		      sbc	#15	; subtract 15
    900  f78d		       b0 fc		      bcs	.DivideLoop	; branch until negative
    901  f78f		       49 07		      eor	#7	; calculate fine offset
    902  f791		       0a		      asl
    903  f792		       0a		      asl
    904  f793		       0a		      asl
    905  f794		       0a		      asl
    906  f795		       95 20		      sta	HMP0,x	; set fine offset
    907  f797		       95 10		      sta	RESP0,x	; fix coarse position
    908  f799		       60		      rts		; return to caller
    909  f79a
    910  f79a							;;;;;;;;;;;;;;;;;;;;;;;;;;;;;;;;;;;;;;;;;;;;;;;;;;;;;;;;;;;;;;;
    911  f79a							; Epilogue
    912  f79a							;;;;;;;;;;;;;;;;;;;;;;;;;;;;;;;;;;;;;;;;;;;;;;;;;;;;;;;;;;;;;;;
    913  f79a
    914  f7fc					      org	$f7fc
    915  f7fc		       00 f0		      .word.w	Start	; reset vectora
    916  f7fe		       00 f0		      .word.w	Start	; BRK vectordaw
